Archive member included to satisfy reference by file (symbol)

../libopencm3/lib/libopencm3_stm32l0.a(rcc.o)
                              HAL.o (rcc_osc_on)
../libopencm3/lib/libopencm3_stm32l0.a(timer_common_all.o)
                              HAL.o (timer_reset)
../libopencm3/lib/libopencm3_stm32l0.a(gpio_common_all.o)
                              comm.o (gpio_set)
../libopencm3/lib/libopencm3_stm32l0.a(gpio_common_f0234.o)
                              HAL.o (gpio_mode_setup)
../libopencm3/lib/libopencm3_stm32l0.a(rcc_common_all.o)
                              HAL.o (rcc_peripheral_enable_clock)
../libopencm3/lib/libopencm3_stm32l0.a(adc_common_v2.o)
                              main.o (adc_eoc)
../libopencm3/lib/libopencm3_stm32l0.a(exti_common_all.o)
                              HAL.o (exti_set_trigger)
../libopencm3/lib/libopencm3_stm32l0.a(vector.o)
                              (reset_handler)
../libopencm3/lib/libopencm3_stm32l0.a(systick.o)
                              HAL.o (systick_set_clocksource)
../libopencm3/lib/libopencm3_stm32l0.a(nvic.o)
                              HAL.o (nvic_enable_irq)
../libopencm3/lib/libopencm3_stm32l0.a(assert.o)
                              ../libopencm3/lib/libopencm3_stm32l0.a(rcc.o) (cm3_assert_failed)
/usr/lib/gcc/arm-none-eabi/4.9.3/armv6-m/libgcc.a(_thumb1_case_sqi.o)
                              ../libopencm3/lib/libopencm3_stm32l0.a(timer_common_all.o) (__gnu_thumb1_case_sqi)
/usr/lib/gcc/arm-none-eabi/4.9.3/armv6-m/libgcc.a(_thumb1_case_uqi.o)
                              ../libopencm3/lib/libopencm3_stm32l0.a(rcc.o) (__gnu_thumb1_case_uqi)
/usr/lib/gcc/arm-none-eabi/4.9.3/armv6-m/libgcc.a(_udivsi3.o)
                              ../libopencm3/lib/libopencm3_stm32l0.a(systick.o) (__aeabi_uidiv)
/usr/lib/gcc/arm-none-eabi/4.9.3/armv6-m/libgcc.a(_divsi3.o)
                              main.o (__aeabi_idiv)
/usr/lib/gcc/arm-none-eabi/4.9.3/armv6-m/libgcc.a(_dvmd_tls.o)
                              /usr/lib/gcc/arm-none-eabi/4.9.3/armv6-m/libgcc.a(_udivsi3.o) (__aeabi_idiv0)

Discarded input sections

 .text          0x0000000000000000        0x0 HAL.o
 .data          0x0000000000000000        0x0 HAL.o
 .bss           0x0000000000000000        0x0 HAL.o
 .text.exti14_15_isr
                0x0000000000000000       0x20 HAL.o
 .data.channel_array
                0x0000000000000000        0x3 HAL.o
 .text          0x0000000000000000        0x0 comm.o
 .data          0x0000000000000000        0x0 comm.o
 .bss           0x0000000000000000        0x0 comm.o
 .text.commInit
                0x0000000000000000       0x10 comm.o
 .bss.all_write_buffer_ready
                0x0000000000000000        0x1 comm.o
 .bss.downstream_write_buffer_ready
                0x0000000000000000        0x1 comm.o
 .bss.all_write_buffer
                0x0000000000000000        0x4 comm.o
 .bss.write_count
                0x0000000000000000        0x1 comm.o
 .data.nid_i    0x0000000000000000        0x1 comm.o
 .bss.downstream_write_buffer
                0x0000000000000000        0x4 comm.o
 .bss.nid_write_buffer_ready
                0x0000000000000000        0x1 comm.o
 .bss.nid_write_buffer
                0x0000000000000000        0x4 comm.o
 .bss.dendrite_pulse_count
                0x0000000000000000        0x1 comm.o
 .bss.dendrite_pulses
                0x0000000000000000       0x14 comm.o
 .text          0x0000000000000000        0x0 main.o
 .data          0x0000000000000000        0x0 main.o
 .bss           0x0000000000000000        0x0 main.o
 .group         0x0000000000000000        0x8 ../libopencm3/lib/libopencm3_stm32l0.a(rcc.o)
 .group         0x0000000000000000        0x8 ../libopencm3/lib/libopencm3_stm32l0.a(rcc.o)
 .group         0x0000000000000000        0x8 ../libopencm3/lib/libopencm3_stm32l0.a(rcc.o)
 .group         0x0000000000000000        0x8 ../libopencm3/lib/libopencm3_stm32l0.a(rcc.o)
 .group         0x0000000000000000        0x8 ../libopencm3/lib/libopencm3_stm32l0.a(rcc.o)
 .group         0x0000000000000000        0x8 ../libopencm3/lib/libopencm3_stm32l0.a(rcc.o)
 .group         0x0000000000000000        0x8 ../libopencm3/lib/libopencm3_stm32l0.a(rcc.o)
 .group         0x0000000000000000        0x8 ../libopencm3/lib/libopencm3_stm32l0.a(rcc.o)
 .group         0x0000000000000000        0x8 ../libopencm3/lib/libopencm3_stm32l0.a(rcc.o)
 .group         0x0000000000000000        0x8 ../libopencm3/lib/libopencm3_stm32l0.a(rcc.o)
 .group         0x0000000000000000        0x8 ../libopencm3/lib/libopencm3_stm32l0.a(rcc.o)
 .group         0x0000000000000000        0x8 ../libopencm3/lib/libopencm3_stm32l0.a(rcc.o)
 .text          0x0000000000000000        0x0 ../libopencm3/lib/libopencm3_stm32l0.a(rcc.o)
 .data          0x0000000000000000        0x0 ../libopencm3/lib/libopencm3_stm32l0.a(rcc.o)
 .bss           0x0000000000000000        0x0 ../libopencm3/lib/libopencm3_stm32l0.a(rcc.o)
 .text.rcc_osc_off
                0x0000000000000000       0x5c ../libopencm3/lib/libopencm3_stm32l0.a(rcc.o)
 .text.rcc_osc_bypass_enable
                0x0000000000000000       0x28 ../libopencm3/lib/libopencm3_stm32l0.a(rcc.o)
 .text.rcc_osc_bypass_disable
                0x0000000000000000       0x2c ../libopencm3/lib/libopencm3_stm32l0.a(rcc.o)
 .text.rcc_osc_ready_int_clear
                0x0000000000000000       0x3c ../libopencm3/lib/libopencm3_stm32l0.a(rcc.o)
 .text.rcc_osc_ready_int_enable
                0x0000000000000000       0x3c ../libopencm3/lib/libopencm3_stm32l0.a(rcc.o)
 .text.rcc_osc_ready_int_disable
                0x0000000000000000       0x3c ../libopencm3/lib/libopencm3_stm32l0.a(rcc.o)
 .text.rcc_osc_ready_int_flag
                0x0000000000000000       0x48 ../libopencm3/lib/libopencm3_stm32l0.a(rcc.o)
 .text.rcc_is_osc_ready
                0x0000000000000000       0x58 ../libopencm3/lib/libopencm3_stm32l0.a(rcc.o)
 .text.rcc_wait_for_osc_ready
                0x0000000000000000       0x10 ../libopencm3/lib/libopencm3_stm32l0.a(rcc.o)
 .text.rcc_set_hsi48_source_rc48
                0x0000000000000000       0x14 ../libopencm3/lib/libopencm3_stm32l0.a(rcc.o)
 .text.rcc_set_hsi48_source_pll
                0x0000000000000000       0x14 ../libopencm3/lib/libopencm3_stm32l0.a(rcc.o)
 .text.rcc_set_pll_multiplier
                0x0000000000000000       0x18 ../libopencm3/lib/libopencm3_stm32l0.a(rcc.o)
 .text.rcc_set_pll_divider
                0x0000000000000000       0x18 ../libopencm3/lib/libopencm3_stm32l0.a(rcc.o)
 .text.rcc_set_ppre1
                0x0000000000000000       0x18 ../libopencm3/lib/libopencm3_stm32l0.a(rcc.o)
 .text.rcc_set_ppre2
                0x0000000000000000       0x18 ../libopencm3/lib/libopencm3_stm32l0.a(rcc.o)
 .text.rcc_set_hpre
                0x0000000000000000       0x14 ../libopencm3/lib/libopencm3_stm32l0.a(rcc.o)
 .group         0x0000000000000000        0x8 ../libopencm3/lib/libopencm3_stm32l0.a(timer_common_all.o)
 .group         0x0000000000000000        0x8 ../libopencm3/lib/libopencm3_stm32l0.a(timer_common_all.o)
 .group         0x0000000000000000        0x8 ../libopencm3/lib/libopencm3_stm32l0.a(timer_common_all.o)
 .group         0x0000000000000000        0x8 ../libopencm3/lib/libopencm3_stm32l0.a(timer_common_all.o)
 .group         0x0000000000000000        0x8 ../libopencm3/lib/libopencm3_stm32l0.a(timer_common_all.o)
 .group         0x0000000000000000        0x8 ../libopencm3/lib/libopencm3_stm32l0.a(timer_common_all.o)
 .group         0x0000000000000000        0x8 ../libopencm3/lib/libopencm3_stm32l0.a(timer_common_all.o)
 .group         0x0000000000000000        0x8 ../libopencm3/lib/libopencm3_stm32l0.a(timer_common_all.o)
 .group         0x0000000000000000        0x8 ../libopencm3/lib/libopencm3_stm32l0.a(timer_common_all.o)
 .group         0x0000000000000000        0x8 ../libopencm3/lib/libopencm3_stm32l0.a(timer_common_all.o)
 .group         0x0000000000000000        0x8 ../libopencm3/lib/libopencm3_stm32l0.a(timer_common_all.o)
 .group         0x0000000000000000        0x8 ../libopencm3/lib/libopencm3_stm32l0.a(timer_common_all.o)
 .group         0x0000000000000000        0x8 ../libopencm3/lib/libopencm3_stm32l0.a(timer_common_all.o)
 .text          0x0000000000000000        0x0 ../libopencm3/lib/libopencm3_stm32l0.a(timer_common_all.o)
 .data          0x0000000000000000        0x0 ../libopencm3/lib/libopencm3_stm32l0.a(timer_common_all.o)
 .bss           0x0000000000000000        0x0 ../libopencm3/lib/libopencm3_stm32l0.a(timer_common_all.o)
 .text.timer_enable_irq
                0x0000000000000000        0x8 ../libopencm3/lib/libopencm3_stm32l0.a(timer_common_all.o)
 .text.timer_disable_irq
                0x0000000000000000        0x8 ../libopencm3/lib/libopencm3_stm32l0.a(timer_common_all.o)
 .text.timer_interrupt_source
                0x0000000000000000       0x16 ../libopencm3/lib/libopencm3_stm32l0.a(timer_common_all.o)
 .text.timer_get_flag
                0x0000000000000000        0xe ../libopencm3/lib/libopencm3_stm32l0.a(timer_common_all.o)
 .text.timer_clear_flag
                0x0000000000000000        0x6 ../libopencm3/lib/libopencm3_stm32l0.a(timer_common_all.o)
 .text.timer_set_clock_division
                0x0000000000000000       0x1c ../libopencm3/lib/libopencm3_stm32l0.a(timer_common_all.o)
 .text.timer_enable_preload
                0x0000000000000000        0xa ../libopencm3/lib/libopencm3_stm32l0.a(timer_common_all.o)
 .text.timer_disable_preload
                0x0000000000000000        0xa ../libopencm3/lib/libopencm3_stm32l0.a(timer_common_all.o)
 .text.timer_set_alignment
                0x0000000000000000       0x12 ../libopencm3/lib/libopencm3_stm32l0.a(timer_common_all.o)
 .text.timer_direction_up
                0x0000000000000000        0xa ../libopencm3/lib/libopencm3_stm32l0.a(timer_common_all.o)
 .text.timer_direction_down
                0x0000000000000000        0xa ../libopencm3/lib/libopencm3_stm32l0.a(timer_common_all.o)
 .text.timer_one_shot_mode
                0x0000000000000000        0xa ../libopencm3/lib/libopencm3_stm32l0.a(timer_common_all.o)
 .text.timer_continuous_mode
                0x0000000000000000        0xa ../libopencm3/lib/libopencm3_stm32l0.a(timer_common_all.o)
 .text.timer_update_on_any
                0x0000000000000000        0xa ../libopencm3/lib/libopencm3_stm32l0.a(timer_common_all.o)
 .text.timer_update_on_overflow
                0x0000000000000000        0xa ../libopencm3/lib/libopencm3_stm32l0.a(timer_common_all.o)
 .text.timer_enable_update_event
                0x0000000000000000        0xa ../libopencm3/lib/libopencm3_stm32l0.a(timer_common_all.o)
 .text.timer_disable_update_event
                0x0000000000000000        0xa ../libopencm3/lib/libopencm3_stm32l0.a(timer_common_all.o)
 .text.timer_disable_counter
                0x0000000000000000        0xa ../libopencm3/lib/libopencm3_stm32l0.a(timer_common_all.o)
 .text.timer_set_output_idle_state
                0x0000000000000000        0x2 ../libopencm3/lib/libopencm3_stm32l0.a(timer_common_all.o)
 .text.timer_reset_output_idle_state
                0x0000000000000000        0x2 ../libopencm3/lib/libopencm3_stm32l0.a(timer_common_all.o)
 .text.timer_set_ti1_ch123_xor
                0x0000000000000000        0xa ../libopencm3/lib/libopencm3_stm32l0.a(timer_common_all.o)
 .text.timer_set_ti1_ch1
                0x0000000000000000        0xa ../libopencm3/lib/libopencm3_stm32l0.a(timer_common_all.o)
 .text.timer_set_master_mode
                0x0000000000000000       0x10 ../libopencm3/lib/libopencm3_stm32l0.a(timer_common_all.o)
 .text.timer_set_dma_on_compare_event
                0x0000000000000000        0xa ../libopencm3/lib/libopencm3_stm32l0.a(timer_common_all.o)
 .text.timer_set_dma_on_update_event
                0x0000000000000000        0xa ../libopencm3/lib/libopencm3_stm32l0.a(timer_common_all.o)
 .text.timer_enable_compare_control_update_on_trigger
                0x0000000000000000        0x2 ../libopencm3/lib/libopencm3_stm32l0.a(timer_common_all.o)
 .text.timer_disable_compare_control_update_on_trigger
                0x0000000000000000        0x2 ../libopencm3/lib/libopencm3_stm32l0.a(timer_common_all.o)
 .text.timer_enable_preload_complementry_enable_bits
                0x0000000000000000        0x2 ../libopencm3/lib/libopencm3_stm32l0.a(timer_common_all.o)
 .text.timer_disable_preload_complementry_enable_bits
                0x0000000000000000        0x2 ../libopencm3/lib/libopencm3_stm32l0.a(timer_common_all.o)
 .text.timer_set_repetition_counter
                0x0000000000000000        0x2 ../libopencm3/lib/libopencm3_stm32l0.a(timer_common_all.o)
 .text.timer_enable_oc_clear
                0x0000000000000000       0x3a ../libopencm3/lib/libopencm3_stm32l0.a(timer_common_all.o)
 .text.timer_disable_oc_clear
                0x0000000000000000       0x40 ../libopencm3/lib/libopencm3_stm32l0.a(timer_common_all.o)
 .text.timer_set_oc_fast_mode
                0x0000000000000000       0x3a ../libopencm3/lib/libopencm3_stm32l0.a(timer_common_all.o)
 .text.timer_set_oc_slow_mode
                0x0000000000000000       0x40 ../libopencm3/lib/libopencm3_stm32l0.a(timer_common_all.o)
 .text.timer_enable_oc_preload
                0x0000000000000000       0x3a ../libopencm3/lib/libopencm3_stm32l0.a(timer_common_all.o)
 .text.timer_disable_oc_preload
                0x0000000000000000       0x40 ../libopencm3/lib/libopencm3_stm32l0.a(timer_common_all.o)
 .text.timer_set_oc_polarity_high
                0x0000000000000000       0x3c ../libopencm3/lib/libopencm3_stm32l0.a(timer_common_all.o)
 .text.timer_set_oc_polarity_low
                0x0000000000000000       0x36 ../libopencm3/lib/libopencm3_stm32l0.a(timer_common_all.o)
 .text.timer_disable_oc_output
                0x0000000000000000       0x3c ../libopencm3/lib/libopencm3_stm32l0.a(timer_common_all.o)
 .text.timer_set_oc_idle_state_set
                0x0000000000000000        0x2 ../libopencm3/lib/libopencm3_stm32l0.a(timer_common_all.o)
 .text.timer_set_oc_idle_state_unset
                0x0000000000000000        0x2 ../libopencm3/lib/libopencm3_stm32l0.a(timer_common_all.o)
 .text.timer_enable_break_main_output
                0x0000000000000000        0x2 ../libopencm3/lib/libopencm3_stm32l0.a(timer_common_all.o)
 .text.timer_disable_break_main_output
                0x0000000000000000        0x2 ../libopencm3/lib/libopencm3_stm32l0.a(timer_common_all.o)
 .text.timer_enable_break_automatic_output
                0x0000000000000000        0x2 ../libopencm3/lib/libopencm3_stm32l0.a(timer_common_all.o)
 .text.timer_disable_break_automatic_output
                0x0000000000000000        0x2 ../libopencm3/lib/libopencm3_stm32l0.a(timer_common_all.o)
 .text.timer_set_break_polarity_high
                0x0000000000000000        0x2 ../libopencm3/lib/libopencm3_stm32l0.a(timer_common_all.o)
 .text.timer_set_break_polarity_low
                0x0000000000000000        0x2 ../libopencm3/lib/libopencm3_stm32l0.a(timer_common_all.o)
 .text.timer_enable_break
                0x0000000000000000        0x2 ../libopencm3/lib/libopencm3_stm32l0.a(timer_common_all.o)
 .text.timer_disable_break
                0x0000000000000000        0x2 ../libopencm3/lib/libopencm3_stm32l0.a(timer_common_all.o)
 .text.timer_set_enabled_off_state_in_run_mode
                0x0000000000000000        0x2 ../libopencm3/lib/libopencm3_stm32l0.a(timer_common_all.o)
 .text.timer_set_disabled_off_state_in_run_mode
                0x0000000000000000        0x2 ../libopencm3/lib/libopencm3_stm32l0.a(timer_common_all.o)
 .text.timer_set_enabled_off_state_in_idle_mode
                0x0000000000000000        0x2 ../libopencm3/lib/libopencm3_stm32l0.a(timer_common_all.o)
 .text.timer_set_disabled_off_state_in_idle_mode
                0x0000000000000000        0x2 ../libopencm3/lib/libopencm3_stm32l0.a(timer_common_all.o)
 .text.timer_set_break_lock
                0x0000000000000000        0x2 ../libopencm3/lib/libopencm3_stm32l0.a(timer_common_all.o)
 .text.timer_set_deadtime
                0x0000000000000000        0x2 ../libopencm3/lib/libopencm3_stm32l0.a(timer_common_all.o)
 .text.timer_generate_event
                0x0000000000000000        0x8 ../libopencm3/lib/libopencm3_stm32l0.a(timer_common_all.o)
 .text.timer_get_counter
                0x0000000000000000        0x4 ../libopencm3/lib/libopencm3_stm32l0.a(timer_common_all.o)
 .text.timer_set_counter
                0x0000000000000000        0x4 ../libopencm3/lib/libopencm3_stm32l0.a(timer_common_all.o)
 .text.timer_ic_set_filter
                0x0000000000000000       0x58 ../libopencm3/lib/libopencm3_stm32l0.a(timer_common_all.o)
 .text.timer_ic_set_prescaler
                0x0000000000000000       0x58 ../libopencm3/lib/libopencm3_stm32l0.a(timer_common_all.o)
 .text.timer_ic_set_input
                0x0000000000000000       0x68 ../libopencm3/lib/libopencm3_stm32l0.a(timer_common_all.o)
 .text.timer_ic_enable
                0x0000000000000000       0x12 ../libopencm3/lib/libopencm3_stm32l0.a(timer_common_all.o)
 .text.timer_ic_disable
                0x0000000000000000        0xe ../libopencm3/lib/libopencm3_stm32l0.a(timer_common_all.o)
 .text.timer_slave_set_filter
                0x0000000000000000       0x18 ../libopencm3/lib/libopencm3_stm32l0.a(timer_common_all.o)
 .text.timer_slave_set_prescaler
                0x0000000000000000       0x18 ../libopencm3/lib/libopencm3_stm32l0.a(timer_common_all.o)
 .text.timer_slave_set_polarity
                0x0000000000000000       0x1c ../libopencm3/lib/libopencm3_stm32l0.a(timer_common_all.o)
 .text.timer_slave_set_mode
                0x0000000000000000       0x10 ../libopencm3/lib/libopencm3_stm32l0.a(timer_common_all.o)
 .text.timer_slave_set_trigger
                0x0000000000000000       0x10 ../libopencm3/lib/libopencm3_stm32l0.a(timer_common_all.o)
 .debug_macro   0x0000000000000000      0x832 ../libopencm3/lib/libopencm3_stm32l0.a(timer_common_all.o)
 .debug_macro   0x0000000000000000       0x22 ../libopencm3/lib/libopencm3_stm32l0.a(timer_common_all.o)
 .debug_macro   0x0000000000000000       0x44 ../libopencm3/lib/libopencm3_stm32l0.a(timer_common_all.o)
 .debug_macro   0x0000000000000000       0xe3 ../libopencm3/lib/libopencm3_stm32l0.a(timer_common_all.o)
 .debug_macro   0x0000000000000000       0x22 ../libopencm3/lib/libopencm3_stm32l0.a(timer_common_all.o)
 .debug_macro   0x0000000000000000      0x1df ../libopencm3/lib/libopencm3_stm32l0.a(timer_common_all.o)
 .debug_macro   0x0000000000000000       0x22 ../libopencm3/lib/libopencm3_stm32l0.a(timer_common_all.o)
 .debug_macro   0x0000000000000000       0xfa ../libopencm3/lib/libopencm3_stm32l0.a(timer_common_all.o)
 .debug_macro   0x0000000000000000       0x34 ../libopencm3/lib/libopencm3_stm32l0.a(timer_common_all.o)
 .debug_macro   0x0000000000000000      0x148 ../libopencm3/lib/libopencm3_stm32l0.a(timer_common_all.o)
 .debug_macro   0x0000000000000000      0x922 ../libopencm3/lib/libopencm3_stm32l0.a(timer_common_all.o)
 .group         0x0000000000000000        0x8 ../libopencm3/lib/libopencm3_stm32l0.a(gpio_common_all.o)
 .group         0x0000000000000000        0x8 ../libopencm3/lib/libopencm3_stm32l0.a(gpio_common_all.o)
 .group         0x0000000000000000        0x8 ../libopencm3/lib/libopencm3_stm32l0.a(gpio_common_all.o)
 .group         0x0000000000000000        0x8 ../libopencm3/lib/libopencm3_stm32l0.a(gpio_common_all.o)
 .group         0x0000000000000000        0x8 ../libopencm3/lib/libopencm3_stm32l0.a(gpio_common_all.o)
 .group         0x0000000000000000        0x8 ../libopencm3/lib/libopencm3_stm32l0.a(gpio_common_all.o)
 .group         0x0000000000000000        0x8 ../libopencm3/lib/libopencm3_stm32l0.a(gpio_common_all.o)
 .group         0x0000000000000000        0x8 ../libopencm3/lib/libopencm3_stm32l0.a(gpio_common_all.o)
 .group         0x0000000000000000        0x8 ../libopencm3/lib/libopencm3_stm32l0.a(gpio_common_all.o)
 .group         0x0000000000000000        0x8 ../libopencm3/lib/libopencm3_stm32l0.a(gpio_common_all.o)
 .group         0x0000000000000000        0x8 ../libopencm3/lib/libopencm3_stm32l0.a(gpio_common_all.o)
 .group         0x0000000000000000        0x8 ../libopencm3/lib/libopencm3_stm32l0.a(gpio_common_all.o)
 .group         0x0000000000000000        0x8 ../libopencm3/lib/libopencm3_stm32l0.a(gpio_common_all.o)
 .group         0x0000000000000000        0x8 ../libopencm3/lib/libopencm3_stm32l0.a(gpio_common_all.o)
 .text          0x0000000000000000        0x0 ../libopencm3/lib/libopencm3_stm32l0.a(gpio_common_all.o)
 .data          0x0000000000000000        0x0 ../libopencm3/lib/libopencm3_stm32l0.a(gpio_common_all.o)
 .bss           0x0000000000000000        0x0 ../libopencm3/lib/libopencm3_stm32l0.a(gpio_common_all.o)
 .text.gpio_toggle
                0x0000000000000000       0x10 ../libopencm3/lib/libopencm3_stm32l0.a(gpio_common_all.o)
 .text.gpio_port_read
                0x0000000000000000        0x6 ../libopencm3/lib/libopencm3_stm32l0.a(gpio_common_all.o)
 .text.gpio_port_write
                0x0000000000000000        0x4 ../libopencm3/lib/libopencm3_stm32l0.a(gpio_common_all.o)
 .text.gpio_port_config_lock
                0x0000000000000000       0x12 ../libopencm3/lib/libopencm3_stm32l0.a(gpio_common_all.o)
 .debug_macro   0x0000000000000000      0x832 ../libopencm3/lib/libopencm3_stm32l0.a(gpio_common_all.o)
 .debug_macro   0x0000000000000000       0x22 ../libopencm3/lib/libopencm3_stm32l0.a(gpio_common_all.o)
 .debug_macro   0x0000000000000000       0x44 ../libopencm3/lib/libopencm3_stm32l0.a(gpio_common_all.o)
 .debug_macro   0x0000000000000000       0xe3 ../libopencm3/lib/libopencm3_stm32l0.a(gpio_common_all.o)
 .debug_macro   0x0000000000000000       0x22 ../libopencm3/lib/libopencm3_stm32l0.a(gpio_common_all.o)
 .debug_macro   0x0000000000000000      0x1df ../libopencm3/lib/libopencm3_stm32l0.a(gpio_common_all.o)
 .debug_macro   0x0000000000000000       0x22 ../libopencm3/lib/libopencm3_stm32l0.a(gpio_common_all.o)
 .debug_macro   0x0000000000000000       0xfa ../libopencm3/lib/libopencm3_stm32l0.a(gpio_common_all.o)
 .debug_macro   0x0000000000000000       0x34 ../libopencm3/lib/libopencm3_stm32l0.a(gpio_common_all.o)
 .debug_macro   0x0000000000000000      0x148 ../libopencm3/lib/libopencm3_stm32l0.a(gpio_common_all.o)
 .group         0x0000000000000000        0x8 ../libopencm3/lib/libopencm3_stm32l0.a(gpio_common_f0234.o)
 .group         0x0000000000000000        0x8 ../libopencm3/lib/libopencm3_stm32l0.a(gpio_common_f0234.o)
 .group         0x0000000000000000        0x8 ../libopencm3/lib/libopencm3_stm32l0.a(gpio_common_f0234.o)
 .group         0x0000000000000000        0x8 ../libopencm3/lib/libopencm3_stm32l0.a(gpio_common_f0234.o)
 .group         0x0000000000000000        0x8 ../libopencm3/lib/libopencm3_stm32l0.a(gpio_common_f0234.o)
 .group         0x0000000000000000        0x8 ../libopencm3/lib/libopencm3_stm32l0.a(gpio_common_f0234.o)
 .group         0x0000000000000000        0x8 ../libopencm3/lib/libopencm3_stm32l0.a(gpio_common_f0234.o)
 .group         0x0000000000000000        0x8 ../libopencm3/lib/libopencm3_stm32l0.a(gpio_common_f0234.o)
 .group         0x0000000000000000        0x8 ../libopencm3/lib/libopencm3_stm32l0.a(gpio_common_f0234.o)
 .group         0x0000000000000000        0x8 ../libopencm3/lib/libopencm3_stm32l0.a(gpio_common_f0234.o)
 .group         0x0000000000000000        0x8 ../libopencm3/lib/libopencm3_stm32l0.a(gpio_common_f0234.o)
 .group         0x0000000000000000        0x8 ../libopencm3/lib/libopencm3_stm32l0.a(gpio_common_f0234.o)
 .group         0x0000000000000000        0x8 ../libopencm3/lib/libopencm3_stm32l0.a(gpio_common_f0234.o)
 .group         0x0000000000000000        0x8 ../libopencm3/lib/libopencm3_stm32l0.a(gpio_common_f0234.o)
 .text          0x0000000000000000        0x0 ../libopencm3/lib/libopencm3_stm32l0.a(gpio_common_f0234.o)
 .data          0x0000000000000000        0x0 ../libopencm3/lib/libopencm3_stm32l0.a(gpio_common_f0234.o)
 .bss           0x0000000000000000        0x0 ../libopencm3/lib/libopencm3_stm32l0.a(gpio_common_f0234.o)
 .debug_macro   0x0000000000000000      0x832 ../libopencm3/lib/libopencm3_stm32l0.a(gpio_common_f0234.o)
 .debug_macro   0x0000000000000000       0x22 ../libopencm3/lib/libopencm3_stm32l0.a(gpio_common_f0234.o)
 .debug_macro   0x0000000000000000       0x44 ../libopencm3/lib/libopencm3_stm32l0.a(gpio_common_f0234.o)
 .debug_macro   0x0000000000000000       0xe3 ../libopencm3/lib/libopencm3_stm32l0.a(gpio_common_f0234.o)
 .debug_macro   0x0000000000000000       0x22 ../libopencm3/lib/libopencm3_stm32l0.a(gpio_common_f0234.o)
 .debug_macro   0x0000000000000000      0x1df ../libopencm3/lib/libopencm3_stm32l0.a(gpio_common_f0234.o)
 .debug_macro   0x0000000000000000       0x22 ../libopencm3/lib/libopencm3_stm32l0.a(gpio_common_f0234.o)
 .debug_macro   0x0000000000000000       0xfa ../libopencm3/lib/libopencm3_stm32l0.a(gpio_common_f0234.o)
 .debug_macro   0x0000000000000000       0x34 ../libopencm3/lib/libopencm3_stm32l0.a(gpio_common_f0234.o)
 .debug_macro   0x0000000000000000      0x148 ../libopencm3/lib/libopencm3_stm32l0.a(gpio_common_f0234.o)
 .debug_macro   0x0000000000000000       0x76 ../libopencm3/lib/libopencm3_stm32l0.a(gpio_common_f0234.o)
 .debug_macro   0x0000000000000000      0x2e6 ../libopencm3/lib/libopencm3_stm32l0.a(gpio_common_f0234.o)
 .debug_macro   0x0000000000000000      0x14e ../libopencm3/lib/libopencm3_stm32l0.a(gpio_common_f0234.o)
 .debug_macro   0x0000000000000000       0x3a ../libopencm3/lib/libopencm3_stm32l0.a(gpio_common_f0234.o)
 .group         0x0000000000000000        0x8 ../libopencm3/lib/libopencm3_stm32l0.a(rcc_common_all.o)
 .group         0x0000000000000000        0x8 ../libopencm3/lib/libopencm3_stm32l0.a(rcc_common_all.o)
 .group         0x0000000000000000        0x8 ../libopencm3/lib/libopencm3_stm32l0.a(rcc_common_all.o)
 .group         0x0000000000000000        0x8 ../libopencm3/lib/libopencm3_stm32l0.a(rcc_common_all.o)
 .group         0x0000000000000000        0x8 ../libopencm3/lib/libopencm3_stm32l0.a(rcc_common_all.o)
 .group         0x0000000000000000        0x8 ../libopencm3/lib/libopencm3_stm32l0.a(rcc_common_all.o)
 .group         0x0000000000000000        0x8 ../libopencm3/lib/libopencm3_stm32l0.a(rcc_common_all.o)
 .group         0x0000000000000000        0x8 ../libopencm3/lib/libopencm3_stm32l0.a(rcc_common_all.o)
 .group         0x0000000000000000        0x8 ../libopencm3/lib/libopencm3_stm32l0.a(rcc_common_all.o)
 .group         0x0000000000000000        0x8 ../libopencm3/lib/libopencm3_stm32l0.a(rcc_common_all.o)
 .group         0x0000000000000000        0x8 ../libopencm3/lib/libopencm3_stm32l0.a(rcc_common_all.o)
 .text          0x0000000000000000        0x0 ../libopencm3/lib/libopencm3_stm32l0.a(rcc_common_all.o)
 .data          0x0000000000000000        0x0 ../libopencm3/lib/libopencm3_stm32l0.a(rcc_common_all.o)
 .bss           0x0000000000000000        0x0 ../libopencm3/lib/libopencm3_stm32l0.a(rcc_common_all.o)
 .text.rcc_peripheral_disable_clock
                0x0000000000000000        0x8 ../libopencm3/lib/libopencm3_stm32l0.a(rcc_common_all.o)
 .text.rcc_peripheral_reset
                0x0000000000000000        0x8 ../libopencm3/lib/libopencm3_stm32l0.a(rcc_common_all.o)
 .text.rcc_peripheral_clear_reset
                0x0000000000000000        0x8 ../libopencm3/lib/libopencm3_stm32l0.a(rcc_common_all.o)
 .text.rcc_periph_clock_disable
                0x0000000000000000       0x1c ../libopencm3/lib/libopencm3_stm32l0.a(rcc_common_all.o)
 .text.rcc_periph_reset_hold
                0x0000000000000000       0x20 ../libopencm3/lib/libopencm3_stm32l0.a(rcc_common_all.o)
 .text.rcc_periph_reset_release
                0x0000000000000000       0x1c ../libopencm3/lib/libopencm3_stm32l0.a(rcc_common_all.o)
 .text.rcc_set_mco
                0x0000000000000000       0x18 ../libopencm3/lib/libopencm3_stm32l0.a(rcc_common_all.o)
 .debug_macro   0x0000000000000000      0x832 ../libopencm3/lib/libopencm3_stm32l0.a(rcc_common_all.o)
 .debug_macro   0x0000000000000000       0x22 ../libopencm3/lib/libopencm3_stm32l0.a(rcc_common_all.o)
 .debug_macro   0x0000000000000000       0x44 ../libopencm3/lib/libopencm3_stm32l0.a(rcc_common_all.o)
 .debug_macro   0x0000000000000000       0xe3 ../libopencm3/lib/libopencm3_stm32l0.a(rcc_common_all.o)
 .debug_macro   0x0000000000000000       0x22 ../libopencm3/lib/libopencm3_stm32l0.a(rcc_common_all.o)
 .debug_macro   0x0000000000000000      0x1df ../libopencm3/lib/libopencm3_stm32l0.a(rcc_common_all.o)
 .debug_macro   0x0000000000000000       0x22 ../libopencm3/lib/libopencm3_stm32l0.a(rcc_common_all.o)
 .debug_macro   0x0000000000000000       0xfa ../libopencm3/lib/libopencm3_stm32l0.a(rcc_common_all.o)
 .debug_macro   0x0000000000000000       0x34 ../libopencm3/lib/libopencm3_stm32l0.a(rcc_common_all.o)
 .debug_macro   0x0000000000000000      0x148 ../libopencm3/lib/libopencm3_stm32l0.a(rcc_common_all.o)
 .debug_macro   0x0000000000000000      0x922 ../libopencm3/lib/libopencm3_stm32l0.a(rcc_common_all.o)
 .group         0x0000000000000000        0x8 ../libopencm3/lib/libopencm3_stm32l0.a(adc_common_v2.o)
 .group         0x0000000000000000        0x8 ../libopencm3/lib/libopencm3_stm32l0.a(adc_common_v2.o)
 .group         0x0000000000000000        0x8 ../libopencm3/lib/libopencm3_stm32l0.a(adc_common_v2.o)
 .group         0x0000000000000000        0x8 ../libopencm3/lib/libopencm3_stm32l0.a(adc_common_v2.o)
 .group         0x0000000000000000        0x8 ../libopencm3/lib/libopencm3_stm32l0.a(adc_common_v2.o)
 .group         0x0000000000000000        0x8 ../libopencm3/lib/libopencm3_stm32l0.a(adc_common_v2.o)
 .group         0x0000000000000000        0x8 ../libopencm3/lib/libopencm3_stm32l0.a(adc_common_v2.o)
 .group         0x0000000000000000        0x8 ../libopencm3/lib/libopencm3_stm32l0.a(adc_common_v2.o)
 .group         0x0000000000000000        0x8 ../libopencm3/lib/libopencm3_stm32l0.a(adc_common_v2.o)
 .group         0x0000000000000000        0x8 ../libopencm3/lib/libopencm3_stm32l0.a(adc_common_v2.o)
 .group         0x0000000000000000        0x8 ../libopencm3/lib/libopencm3_stm32l0.a(adc_common_v2.o)
 .group         0x0000000000000000        0x8 ../libopencm3/lib/libopencm3_stm32l0.a(adc_common_v2.o)
 .group         0x0000000000000000        0x8 ../libopencm3/lib/libopencm3_stm32l0.a(adc_common_v2.o)
 .text          0x0000000000000000        0x0 ../libopencm3/lib/libopencm3_stm32l0.a(adc_common_v2.o)
 .data          0x0000000000000000        0x0 ../libopencm3/lib/libopencm3_stm32l0.a(adc_common_v2.o)
 .bss           0x0000000000000000        0x0 ../libopencm3/lib/libopencm3_stm32l0.a(adc_common_v2.o)
 .text.adc_eos  0x0000000000000000        0x8 ../libopencm3/lib/libopencm3_stm32l0.a(adc_common_v2.o)
 .text.adc_is_power_on
                0x0000000000000000        0x8 ../libopencm3/lib/libopencm3_stm32l0.a(adc_common_v2.o)
 .text.adc_calibrate_async
                0x0000000000000000        0x8 ../libopencm3/lib/libopencm3_stm32l0.a(adc_common_v2.o)
 .text.adc_set_continuous_conversion_mode
                0x0000000000000000        0xc ../libopencm3/lib/libopencm3_stm32l0.a(adc_common_v2.o)
 .text.adc_set_left_aligned
                0x0000000000000000        0xa ../libopencm3/lib/libopencm3_stm32l0.a(adc_common_v2.o)
 .text.adc_enable_dma
                0x0000000000000000        0xa ../libopencm3/lib/libopencm3_stm32l0.a(adc_common_v2.o)
 .text.adc_disable_dma
                0x0000000000000000        0xa ../libopencm3/lib/libopencm3_stm32l0.a(adc_common_v2.o)
 .text.adc_enable_overrun_interrupt
                0x0000000000000000        0xa ../libopencm3/lib/libopencm3_stm32l0.a(adc_common_v2.o)
 .text.adc_disable_overrun_interrupt
                0x0000000000000000        0xa ../libopencm3/lib/libopencm3_stm32l0.a(adc_common_v2.o)
 .text.adc_get_overrun_flag
                0x0000000000000000        0x8 ../libopencm3/lib/libopencm3_stm32l0.a(adc_common_v2.o)
 .text.adc_clear_overrun_flag
                0x0000000000000000        0x6 ../libopencm3/lib/libopencm3_stm32l0.a(adc_common_v2.o)
 .text.adc_enable_eoc_interrupt
                0x0000000000000000        0xa ../libopencm3/lib/libopencm3_stm32l0.a(adc_common_v2.o)
 .text.adc_disable_eoc_interrupt
                0x0000000000000000        0xa ../libopencm3/lib/libopencm3_stm32l0.a(adc_common_v2.o)
 .text.adc_enable_temperature_sensor
                0x0000000000000000       0x14 ../libopencm3/lib/libopencm3_stm32l0.a(adc_common_v2.o)
 .text.adc_disable_temperature_sensor
                0x0000000000000000       0x14 ../libopencm3/lib/libopencm3_stm32l0.a(adc_common_v2.o)
 .text.adc_enable_vrefint
                0x0000000000000000       0x14 ../libopencm3/lib/libopencm3_stm32l0.a(adc_common_v2.o)
 .text.adc_disable_vrefint
                0x0000000000000000       0x14 ../libopencm3/lib/libopencm3_stm32l0.a(adc_common_v2.o)
 .debug_macro   0x0000000000000000      0x832 ../libopencm3/lib/libopencm3_stm32l0.a(adc_common_v2.o)
 .debug_macro   0x0000000000000000       0x22 ../libopencm3/lib/libopencm3_stm32l0.a(adc_common_v2.o)
 .debug_macro   0x0000000000000000       0x44 ../libopencm3/lib/libopencm3_stm32l0.a(adc_common_v2.o)
 .debug_macro   0x0000000000000000       0xe3 ../libopencm3/lib/libopencm3_stm32l0.a(adc_common_v2.o)
 .debug_macro   0x0000000000000000       0x22 ../libopencm3/lib/libopencm3_stm32l0.a(adc_common_v2.o)
 .debug_macro   0x0000000000000000      0x1df ../libopencm3/lib/libopencm3_stm32l0.a(adc_common_v2.o)
 .debug_macro   0x0000000000000000       0x22 ../libopencm3/lib/libopencm3_stm32l0.a(adc_common_v2.o)
 .debug_macro   0x0000000000000000       0xfa ../libopencm3/lib/libopencm3_stm32l0.a(adc_common_v2.o)
 .debug_macro   0x0000000000000000       0x34 ../libopencm3/lib/libopencm3_stm32l0.a(adc_common_v2.o)
 .debug_macro   0x0000000000000000      0x148 ../libopencm3/lib/libopencm3_stm32l0.a(adc_common_v2.o)
 .group         0x0000000000000000        0x8 ../libopencm3/lib/libopencm3_stm32l0.a(exti_common_all.o)
 .group         0x0000000000000000        0x8 ../libopencm3/lib/libopencm3_stm32l0.a(exti_common_all.o)
 .group         0x0000000000000000        0x8 ../libopencm3/lib/libopencm3_stm32l0.a(exti_common_all.o)
 .group         0x0000000000000000        0x8 ../libopencm3/lib/libopencm3_stm32l0.a(exti_common_all.o)
 .group         0x0000000000000000        0x8 ../libopencm3/lib/libopencm3_stm32l0.a(exti_common_all.o)
 .group         0x0000000000000000        0x8 ../libopencm3/lib/libopencm3_stm32l0.a(exti_common_all.o)
 .group         0x0000000000000000        0x8 ../libopencm3/lib/libopencm3_stm32l0.a(exti_common_all.o)
 .group         0x0000000000000000        0x8 ../libopencm3/lib/libopencm3_stm32l0.a(exti_common_all.o)
 .group         0x0000000000000000        0x8 ../libopencm3/lib/libopencm3_stm32l0.a(exti_common_all.o)
 .group         0x0000000000000000        0x8 ../libopencm3/lib/libopencm3_stm32l0.a(exti_common_all.o)
 .group         0x0000000000000000        0x8 ../libopencm3/lib/libopencm3_stm32l0.a(exti_common_all.o)
 .group         0x0000000000000000        0x8 ../libopencm3/lib/libopencm3_stm32l0.a(exti_common_all.o)
 .group         0x0000000000000000        0x8 ../libopencm3/lib/libopencm3_stm32l0.a(exti_common_all.o)
 .group         0x0000000000000000        0x8 ../libopencm3/lib/libopencm3_stm32l0.a(exti_common_all.o)
 .group         0x0000000000000000        0x8 ../libopencm3/lib/libopencm3_stm32l0.a(exti_common_all.o)
 .group         0x0000000000000000        0x8 ../libopencm3/lib/libopencm3_stm32l0.a(exti_common_all.o)
 .text          0x0000000000000000        0x0 ../libopencm3/lib/libopencm3_stm32l0.a(exti_common_all.o)
 .data          0x0000000000000000        0x0 ../libopencm3/lib/libopencm3_stm32l0.a(exti_common_all.o)
 .bss           0x0000000000000000        0x0 ../libopencm3/lib/libopencm3_stm32l0.a(exti_common_all.o)
 .text.exti_get_flag_status
                0x0000000000000000        0xc ../libopencm3/lib/libopencm3_stm32l0.a(exti_common_all.o)
 .debug_macro   0x0000000000000000      0x832 ../libopencm3/lib/libopencm3_stm32l0.a(exti_common_all.o)
 .debug_macro   0x0000000000000000       0x22 ../libopencm3/lib/libopencm3_stm32l0.a(exti_common_all.o)
 .debug_macro   0x0000000000000000       0x44 ../libopencm3/lib/libopencm3_stm32l0.a(exti_common_all.o)
 .debug_macro   0x0000000000000000       0xe3 ../libopencm3/lib/libopencm3_stm32l0.a(exti_common_all.o)
 .debug_macro   0x0000000000000000       0x22 ../libopencm3/lib/libopencm3_stm32l0.a(exti_common_all.o)
 .debug_macro   0x0000000000000000      0x1df ../libopencm3/lib/libopencm3_stm32l0.a(exti_common_all.o)
 .debug_macro   0x0000000000000000       0x22 ../libopencm3/lib/libopencm3_stm32l0.a(exti_common_all.o)
 .debug_macro   0x0000000000000000       0xfa ../libopencm3/lib/libopencm3_stm32l0.a(exti_common_all.o)
 .debug_macro   0x0000000000000000       0x34 ../libopencm3/lib/libopencm3_stm32l0.a(exti_common_all.o)
 .debug_macro   0x0000000000000000      0x148 ../libopencm3/lib/libopencm3_stm32l0.a(exti_common_all.o)
 .debug_macro   0x0000000000000000       0x76 ../libopencm3/lib/libopencm3_stm32l0.a(exti_common_all.o)
 .debug_macro   0x0000000000000000      0x2e6 ../libopencm3/lib/libopencm3_stm32l0.a(exti_common_all.o)
 .debug_macro   0x0000000000000000      0x14e ../libopencm3/lib/libopencm3_stm32l0.a(exti_common_all.o)
 .debug_macro   0x0000000000000000       0x3a ../libopencm3/lib/libopencm3_stm32l0.a(exti_common_all.o)
 .group         0x0000000000000000        0x8 ../libopencm3/lib/libopencm3_stm32l0.a(vector.o)
 .group         0x0000000000000000        0x8 ../libopencm3/lib/libopencm3_stm32l0.a(vector.o)
 .group         0x0000000000000000        0x8 ../libopencm3/lib/libopencm3_stm32l0.a(vector.o)
 .group         0x0000000000000000        0x8 ../libopencm3/lib/libopencm3_stm32l0.a(vector.o)
 .group         0x0000000000000000        0x8 ../libopencm3/lib/libopencm3_stm32l0.a(vector.o)
 .group         0x0000000000000000        0x8 ../libopencm3/lib/libopencm3_stm32l0.a(vector.o)
 .group         0x0000000000000000        0x8 ../libopencm3/lib/libopencm3_stm32l0.a(vector.o)
 .group         0x0000000000000000        0x8 ../libopencm3/lib/libopencm3_stm32l0.a(vector.o)
 .group         0x0000000000000000        0x8 ../libopencm3/lib/libopencm3_stm32l0.a(vector.o)
 .group         0x0000000000000000        0x8 ../libopencm3/lib/libopencm3_stm32l0.a(vector.o)
 .group         0x0000000000000000        0x8 ../libopencm3/lib/libopencm3_stm32l0.a(vector.o)
 .group         0x0000000000000000        0x8 ../libopencm3/lib/libopencm3_stm32l0.a(vector.o)
 .text          0x0000000000000000        0x0 ../libopencm3/lib/libopencm3_stm32l0.a(vector.o)
 .data          0x0000000000000000        0x0 ../libopencm3/lib/libopencm3_stm32l0.a(vector.o)
 .bss           0x0000000000000000        0x0 ../libopencm3/lib/libopencm3_stm32l0.a(vector.o)
 .debug_macro   0x0000000000000000      0x832 ../libopencm3/lib/libopencm3_stm32l0.a(vector.o)
 .debug_macro   0x0000000000000000       0x34 ../libopencm3/lib/libopencm3_stm32l0.a(vector.o)
 .debug_macro   0x0000000000000000       0x22 ../libopencm3/lib/libopencm3_stm32l0.a(vector.o)
 .debug_macro   0x0000000000000000       0x44 ../libopencm3/lib/libopencm3_stm32l0.a(vector.o)
 .debug_macro   0x0000000000000000       0xe3 ../libopencm3/lib/libopencm3_stm32l0.a(vector.o)
 .debug_macro   0x0000000000000000       0x22 ../libopencm3/lib/libopencm3_stm32l0.a(vector.o)
 .debug_macro   0x0000000000000000      0x1df ../libopencm3/lib/libopencm3_stm32l0.a(vector.o)
 .debug_macro   0x0000000000000000       0x22 ../libopencm3/lib/libopencm3_stm32l0.a(vector.o)
 .debug_macro   0x0000000000000000       0xfa ../libopencm3/lib/libopencm3_stm32l0.a(vector.o)
 .group         0x0000000000000000        0x8 ../libopencm3/lib/libopencm3_stm32l0.a(systick.o)
 .group         0x0000000000000000        0x8 ../libopencm3/lib/libopencm3_stm32l0.a(systick.o)
 .group         0x0000000000000000        0x8 ../libopencm3/lib/libopencm3_stm32l0.a(systick.o)
 .group         0x0000000000000000        0x8 ../libopencm3/lib/libopencm3_stm32l0.a(systick.o)
 .group         0x0000000000000000        0x8 ../libopencm3/lib/libopencm3_stm32l0.a(systick.o)
 .group         0x0000000000000000        0x8 ../libopencm3/lib/libopencm3_stm32l0.a(systick.o)
 .group         0x0000000000000000        0x8 ../libopencm3/lib/libopencm3_stm32l0.a(systick.o)
 .group         0x0000000000000000        0x8 ../libopencm3/lib/libopencm3_stm32l0.a(systick.o)
 .group         0x0000000000000000        0x8 ../libopencm3/lib/libopencm3_stm32l0.a(systick.o)
 .group         0x0000000000000000        0x8 ../libopencm3/lib/libopencm3_stm32l0.a(systick.o)
 .text          0x0000000000000000        0x0 ../libopencm3/lib/libopencm3_stm32l0.a(systick.o)
 .data          0x0000000000000000        0x0 ../libopencm3/lib/libopencm3_stm32l0.a(systick.o)
 .bss           0x0000000000000000        0x0 ../libopencm3/lib/libopencm3_stm32l0.a(systick.o)
 .text.systick_set_reload
                0x0000000000000000       0x10 ../libopencm3/lib/libopencm3_stm32l0.a(systick.o)
 .text.systick_get_reload
                0x0000000000000000       0x10 ../libopencm3/lib/libopencm3_stm32l0.a(systick.o)
 .text.systick_get_value
                0x0000000000000000       0x10 ../libopencm3/lib/libopencm3_stm32l0.a(systick.o)
 .text.systick_set_frequency
                0x0000000000000000       0x28 ../libopencm3/lib/libopencm3_stm32l0.a(systick.o)
 .text.systick_interrupt_disable
                0x0000000000000000       0x10 ../libopencm3/lib/libopencm3_stm32l0.a(systick.o)
 .text.systick_counter_disable
                0x0000000000000000       0x10 ../libopencm3/lib/libopencm3_stm32l0.a(systick.o)
 .text.systick_get_countflag
                0x0000000000000000       0x10 ../libopencm3/lib/libopencm3_stm32l0.a(systick.o)
 .text.systick_clear
                0x0000000000000000        0xc ../libopencm3/lib/libopencm3_stm32l0.a(systick.o)
 .text.systick_get_calib
                0x0000000000000000       0x10 ../libopencm3/lib/libopencm3_stm32l0.a(systick.o)
 .debug_macro   0x0000000000000000      0x832 ../libopencm3/lib/libopencm3_stm32l0.a(systick.o)
 .debug_macro   0x0000000000000000       0x34 ../libopencm3/lib/libopencm3_stm32l0.a(systick.o)
 .debug_macro   0x0000000000000000       0x22 ../libopencm3/lib/libopencm3_stm32l0.a(systick.o)
 .debug_macro   0x0000000000000000       0x44 ../libopencm3/lib/libopencm3_stm32l0.a(systick.o)
 .debug_macro   0x0000000000000000       0xe3 ../libopencm3/lib/libopencm3_stm32l0.a(systick.o)
 .debug_macro   0x0000000000000000       0x22 ../libopencm3/lib/libopencm3_stm32l0.a(systick.o)
 .debug_macro   0x0000000000000000      0x1df ../libopencm3/lib/libopencm3_stm32l0.a(systick.o)
 .debug_macro   0x0000000000000000       0x22 ../libopencm3/lib/libopencm3_stm32l0.a(systick.o)
 .debug_macro   0x0000000000000000       0xfa ../libopencm3/lib/libopencm3_stm32l0.a(systick.o)
 .group         0x0000000000000000        0x8 ../libopencm3/lib/libopencm3_stm32l0.a(nvic.o)
 .group         0x0000000000000000        0x8 ../libopencm3/lib/libopencm3_stm32l0.a(nvic.o)
 .group         0x0000000000000000        0x8 ../libopencm3/lib/libopencm3_stm32l0.a(nvic.o)
 .group         0x0000000000000000        0x8 ../libopencm3/lib/libopencm3_stm32l0.a(nvic.o)
 .group         0x0000000000000000        0x8 ../libopencm3/lib/libopencm3_stm32l0.a(nvic.o)
 .group         0x0000000000000000        0x8 ../libopencm3/lib/libopencm3_stm32l0.a(nvic.o)
 .group         0x0000000000000000        0x8 ../libopencm3/lib/libopencm3_stm32l0.a(nvic.o)
 .group         0x0000000000000000        0x8 ../libopencm3/lib/libopencm3_stm32l0.a(nvic.o)
 .group         0x0000000000000000        0x8 ../libopencm3/lib/libopencm3_stm32l0.a(nvic.o)
 .group         0x0000000000000000        0x8 ../libopencm3/lib/libopencm3_stm32l0.a(nvic.o)
 .group         0x0000000000000000        0x8 ../libopencm3/lib/libopencm3_stm32l0.a(nvic.o)
 .group         0x0000000000000000        0x8 ../libopencm3/lib/libopencm3_stm32l0.a(nvic.o)
 .text          0x0000000000000000        0x0 ../libopencm3/lib/libopencm3_stm32l0.a(nvic.o)
 .data          0x0000000000000000        0x0 ../libopencm3/lib/libopencm3_stm32l0.a(nvic.o)
 .bss           0x0000000000000000        0x0 ../libopencm3/lib/libopencm3_stm32l0.a(nvic.o)
 .text.nvic_disable_irq
                0x0000000000000000       0x18 ../libopencm3/lib/libopencm3_stm32l0.a(nvic.o)
 .text.nvic_get_pending_irq
                0x0000000000000000       0x24 ../libopencm3/lib/libopencm3_stm32l0.a(nvic.o)
 .text.nvic_set_pending_irq
                0x0000000000000000       0x18 ../libopencm3/lib/libopencm3_stm32l0.a(nvic.o)
 .text.nvic_clear_pending_irq
                0x0000000000000000       0x18 ../libopencm3/lib/libopencm3_stm32l0.a(nvic.o)
 .text.nvic_get_irq_enabled
                0x0000000000000000       0x24 ../libopencm3/lib/libopencm3_stm32l0.a(nvic.o)
 .debug_macro   0x0000000000000000      0x832 ../libopencm3/lib/libopencm3_stm32l0.a(nvic.o)
 .debug_macro   0x0000000000000000       0x22 ../libopencm3/lib/libopencm3_stm32l0.a(nvic.o)
 .debug_macro   0x0000000000000000       0x44 ../libopencm3/lib/libopencm3_stm32l0.a(nvic.o)
 .debug_macro   0x0000000000000000       0xe3 ../libopencm3/lib/libopencm3_stm32l0.a(nvic.o)
 .debug_macro   0x0000000000000000       0x22 ../libopencm3/lib/libopencm3_stm32l0.a(nvic.o)
 .debug_macro   0x0000000000000000      0x1df ../libopencm3/lib/libopencm3_stm32l0.a(nvic.o)
 .debug_macro   0x0000000000000000       0x22 ../libopencm3/lib/libopencm3_stm32l0.a(nvic.o)
 .debug_macro   0x0000000000000000       0xfa ../libopencm3/lib/libopencm3_stm32l0.a(nvic.o)
 .debug_macro   0x0000000000000000       0x34 ../libopencm3/lib/libopencm3_stm32l0.a(nvic.o)
 .debug_macro   0x0000000000000000       0xca ../libopencm3/lib/libopencm3_stm32l0.a(nvic.o)
 .group         0x0000000000000000        0x8 ../libopencm3/lib/libopencm3_stm32l0.a(assert.o)
 .group         0x0000000000000000        0x8 ../libopencm3/lib/libopencm3_stm32l0.a(assert.o)
 .group         0x0000000000000000        0x8 ../libopencm3/lib/libopencm3_stm32l0.a(assert.o)
 .group         0x0000000000000000        0x8 ../libopencm3/lib/libopencm3_stm32l0.a(assert.o)
 .group         0x0000000000000000        0x8 ../libopencm3/lib/libopencm3_stm32l0.a(assert.o)
 .group         0x0000000000000000        0x8 ../libopencm3/lib/libopencm3_stm32l0.a(assert.o)
 .group         0x0000000000000000        0x8 ../libopencm3/lib/libopencm3_stm32l0.a(assert.o)
 .group         0x0000000000000000        0x8 ../libopencm3/lib/libopencm3_stm32l0.a(assert.o)
 .group         0x0000000000000000        0x8 ../libopencm3/lib/libopencm3_stm32l0.a(assert.o)
 .text          0x0000000000000000        0x0 ../libopencm3/lib/libopencm3_stm32l0.a(assert.o)
 .data          0x0000000000000000        0x0 ../libopencm3/lib/libopencm3_stm32l0.a(assert.o)
 .bss           0x0000000000000000        0x0 ../libopencm3/lib/libopencm3_stm32l0.a(assert.o)
 .text.cm3_assert_failed
                0x0000000000000000        0x2 ../libopencm3/lib/libopencm3_stm32l0.a(assert.o)
 .text.cm3_assert_failed_verbose
                0x0000000000000000        0x6 ../libopencm3/lib/libopencm3_stm32l0.a(assert.o)
 .debug_info    0x0000000000000000       0xee ../libopencm3/lib/libopencm3_stm32l0.a(assert.o)
 .debug_abbrev  0x0000000000000000       0x89 ../libopencm3/lib/libopencm3_stm32l0.a(assert.o)
 .debug_loc     0x0000000000000000       0x84 ../libopencm3/lib/libopencm3_stm32l0.a(assert.o)
 .debug_aranges
                0x0000000000000000       0x28 ../libopencm3/lib/libopencm3_stm32l0.a(assert.o)
 .debug_ranges  0x0000000000000000       0x18 ../libopencm3/lib/libopencm3_stm32l0.a(assert.o)
 .debug_macro   0x0000000000000000       0x7b ../libopencm3/lib/libopencm3_stm32l0.a(assert.o)
 .debug_macro   0x0000000000000000      0x832 ../libopencm3/lib/libopencm3_stm32l0.a(assert.o)
 .debug_macro   0x0000000000000000       0x22 ../libopencm3/lib/libopencm3_stm32l0.a(assert.o)
 .debug_macro   0x0000000000000000       0x44 ../libopencm3/lib/libopencm3_stm32l0.a(assert.o)
 .debug_macro   0x0000000000000000       0xe3 ../libopencm3/lib/libopencm3_stm32l0.a(assert.o)
 .debug_macro   0x0000000000000000       0x22 ../libopencm3/lib/libopencm3_stm32l0.a(assert.o)
 .debug_macro   0x0000000000000000      0x1df ../libopencm3/lib/libopencm3_stm32l0.a(assert.o)
 .debug_macro   0x0000000000000000       0x22 ../libopencm3/lib/libopencm3_stm32l0.a(assert.o)
 .debug_macro   0x0000000000000000       0xfa ../libopencm3/lib/libopencm3_stm32l0.a(assert.o)
 .debug_macro   0x0000000000000000       0x16 ../libopencm3/lib/libopencm3_stm32l0.a(assert.o)
 .debug_line    0x0000000000000000      0x161 ../libopencm3/lib/libopencm3_stm32l0.a(assert.o)
 .debug_str     0x0000000000000000     0x3478 ../libopencm3/lib/libopencm3_stm32l0.a(assert.o)
 .comment       0x0000000000000000       0x39 ../libopencm3/lib/libopencm3_stm32l0.a(assert.o)
 .debug_frame   0x0000000000000000       0x38 ../libopencm3/lib/libopencm3_stm32l0.a(assert.o)
 .ARM.attributes
                0x0000000000000000       0x32 ../libopencm3/lib/libopencm3_stm32l0.a(assert.o)
 .data          0x0000000000000000        0x0 /usr/lib/gcc/arm-none-eabi/4.9.3/armv6-m/libgcc.a(_thumb1_case_sqi.o)
 .bss           0x0000000000000000        0x0 /usr/lib/gcc/arm-none-eabi/4.9.3/armv6-m/libgcc.a(_thumb1_case_sqi.o)
 .data          0x0000000000000000        0x0 /usr/lib/gcc/arm-none-eabi/4.9.3/armv6-m/libgcc.a(_thumb1_case_uqi.o)
 .bss           0x0000000000000000        0x0 /usr/lib/gcc/arm-none-eabi/4.9.3/armv6-m/libgcc.a(_thumb1_case_uqi.o)
 .text          0x0000000000000000      0x120 /usr/lib/gcc/arm-none-eabi/4.9.3/armv6-m/libgcc.a(_udivsi3.o)
 .data          0x0000000000000000        0x0 /usr/lib/gcc/arm-none-eabi/4.9.3/armv6-m/libgcc.a(_udivsi3.o)
 .bss           0x0000000000000000        0x0 /usr/lib/gcc/arm-none-eabi/4.9.3/armv6-m/libgcc.a(_udivsi3.o)
 .debug_frame   0x0000000000000000       0x20 /usr/lib/gcc/arm-none-eabi/4.9.3/armv6-m/libgcc.a(_udivsi3.o)
 .debug_line    0x0000000000000000       0x6c /usr/lib/gcc/arm-none-eabi/4.9.3/armv6-m/libgcc.a(_udivsi3.o)
 .debug_info    0x0000000000000000       0xb9 /usr/lib/gcc/arm-none-eabi/4.9.3/armv6-m/libgcc.a(_udivsi3.o)
 .debug_abbrev  0x0000000000000000       0x14 /usr/lib/gcc/arm-none-eabi/4.9.3/armv6-m/libgcc.a(_udivsi3.o)
 .debug_aranges
                0x0000000000000000       0x20 /usr/lib/gcc/arm-none-eabi/4.9.3/armv6-m/libgcc.a(_udivsi3.o)
 .ARM.attributes
                0x0000000000000000       0x1e /usr/lib/gcc/arm-none-eabi/4.9.3/armv6-m/libgcc.a(_udivsi3.o)
 .data          0x0000000000000000        0x0 /usr/lib/gcc/arm-none-eabi/4.9.3/armv6-m/libgcc.a(_divsi3.o)
 .bss           0x0000000000000000        0x0 /usr/lib/gcc/arm-none-eabi/4.9.3/armv6-m/libgcc.a(_divsi3.o)
 .data          0x0000000000000000        0x0 /usr/lib/gcc/arm-none-eabi/4.9.3/armv6-m/libgcc.a(_dvmd_tls.o)
 .bss           0x0000000000000000        0x0 /usr/lib/gcc/arm-none-eabi/4.9.3/armv6-m/libgcc.a(_dvmd_tls.o)

Memory Configuration

Name             Origin             Length             Attributes
rom              0x0000000008000000 0x0000000000004000 xr
ram              0x0000000020000000 0x0000000000000800 xrw
eep              0x0000000008080000 0x0000000000000000 r
*default*        0x0000000000000000 0xffffffffffffffff

Linker script and memory map

LOAD HAL.o
LOAD comm.o
LOAD main.o
LOAD ../libopencm3/lib/libopencm3_stm32l0.a
START GROUP
LOAD /usr/lib/gcc/arm-none-eabi/4.9.3/../../../arm-none-eabi/lib/armv6-m/libc.a
LOAD /usr/lib/gcc/arm-none-eabi/4.9.3/armv6-m/libgcc.a
LOAD /usr/lib/gcc/arm-none-eabi/4.9.3/../../../arm-none-eabi/lib/armv6-m/libnosys.a
END GROUP
START GROUP
LOAD /usr/lib/gcc/arm-none-eabi/4.9.3/armv6-m/libgcc.a
LOAD /usr/lib/gcc/arm-none-eabi/4.9.3/../../../arm-none-eabi/lib/armv6-m/libc.a
END GROUP

.text           0x0000000008000000     0x1b38
 *(.vectors)
 .vectors       0x0000000008000000       0xc0 ../libopencm3/lib/libopencm3_stm32l0.a(vector.o)
                0x0000000008000000                vector_table
 *(.text*)
 .text.sys_tick_handler
                0x00000000080000c0        0xc HAL.o
                0x00000000080000c0                sys_tick_handler
 .text.systick_setup
                0x00000000080000cc       0x1c HAL.o
                0x00000000080000cc                systick_setup
 .text.clock_setup
                0x00000000080000e8       0x10 HAL.o
                0x00000000080000e8                clock_setup
 .text.setAsInput
                0x00000000080000f8       0x2e HAL.o
                0x00000000080000f8                setAsInput
 .text.setAsOutput
                0x0000000008000126       0x1a HAL.o
                0x0000000008000126                setAsOutput
 .text.gpio_setup
                0x0000000008000140       0xf4 HAL.o
                0x0000000008000140                gpio_setup
 .text.exti0_1_isr
                0x0000000008000234       0x20 HAL.o
                0x0000000008000234                exti0_1_isr
 .text.tim_setup
                0x0000000008000254       0xec HAL.o
                0x0000000008000254                tim_setup
 .text.tim21_isr
                0x0000000008000340       0x24 HAL.o
                0x0000000008000340                tim21_isr
 .text.adc_setup
                0x0000000008000364       0x58 HAL.o
                0x0000000008000364                adc_setup
 .text.setLED   0x00000000080003bc       0x54 HAL.o
                0x00000000080003bc                setLED
 .text.readButton
                0x0000000008000410       0x28 HAL.o
                0x0000000008000410                readButton
 .text.eepromProgram
                0x0000000008000438        0x4 HAL.o
                0x0000000008000438                eepromProgram
 .text.eepromRead
                0x000000000800043c        0x4 HAL.o
                0x000000000800043c                eepromRead
 .text.addWrite
                0x0000000008000440       0x44 comm.o
                0x0000000008000440                addWrite
 .text.readInputs
                0x0000000008000484      0x1e8 comm.o
                0x0000000008000484                readInputs
 .text.writeDownstream
                0x000000000800066c       0x64 comm.o
                0x000000000800066c                writeDownstream
 .text.writeAll
                0x00000000080006d0       0x80 comm.o
                0x00000000080006d0                writeAll
 .text.writeNID
                0x0000000008000750       0x38 comm.o
                0x0000000008000750                writeNID
 .text.write    0x0000000008000788       0xcc comm.o
                0x0000000008000788                write
 .text.scale10bit
                0x0000000008000854       0x28 main.o
                0x0000000008000854                scale10bit
 .text.startup.main
                0x000000000800087c      0x228 main.o
                0x000000000800087c                main
 .text.rcc_osc_on
                0x0000000008000aa4       0x54 ../libopencm3/lib/libopencm3_stm32l0.a(rcc.o)
                0x0000000008000aa4                rcc_osc_on
 .text.rcc_set_sysclk_source
                0x0000000008000af8       0x44 ../libopencm3/lib/libopencm3_stm32l0.a(rcc.o)
                0x0000000008000af8                rcc_set_sysclk_source
 .text.timer_reset
                0x0000000008000b3c       0x4c ../libopencm3/lib/libopencm3_stm32l0.a(timer_common_all.o)
                0x0000000008000b3c                timer_reset
 .text.timer_set_mode
                0x0000000008000b88       0x18 ../libopencm3/lib/libopencm3_stm32l0.a(timer_common_all.o)
                0x0000000008000b88                timer_set_mode
 .text.timer_enable_counter
                0x0000000008000ba0        0xa ../libopencm3/lib/libopencm3_stm32l0.a(timer_common_all.o)
                0x0000000008000ba0                timer_enable_counter
 .text.timer_set_prescaler
                0x0000000008000baa        0x4 ../libopencm3/lib/libopencm3_stm32l0.a(timer_common_all.o)
                0x0000000008000baa                timer_set_prescaler
 .text.timer_set_period
                0x0000000008000bae        0x4 ../libopencm3/lib/libopencm3_stm32l0.a(timer_common_all.o)
                0x0000000008000bae                timer_set_period
 *fill*         0x0000000008000bb2        0x2 
 .text.timer_set_oc_mode
                0x0000000008000bb4      0x14c ../libopencm3/lib/libopencm3_stm32l0.a(timer_common_all.o)
                0x0000000008000bb4                timer_set_oc_mode
 .text.timer_enable_oc_output
                0x0000000008000d00       0x36 ../libopencm3/lib/libopencm3_stm32l0.a(timer_common_all.o)
                0x0000000008000d00                timer_enable_oc_output
 .text.timer_set_oc_value
                0x0000000008000d36       0x26 ../libopencm3/lib/libopencm3_stm32l0.a(timer_common_all.o)
                0x0000000008000d36                timer_set_oc_value
 .text.gpio_set
                0x0000000008000d5c        0x4 ../libopencm3/lib/libopencm3_stm32l0.a(gpio_common_all.o)
                0x0000000008000d5c                gpio_set
 .text.gpio_clear
                0x0000000008000d60        0x6 ../libopencm3/lib/libopencm3_stm32l0.a(gpio_common_all.o)
                0x0000000008000d60                gpio_clear
 .text.gpio_get
                0x0000000008000d66        0x6 ../libopencm3/lib/libopencm3_stm32l0.a(gpio_common_all.o)
                0x0000000008000d66                gpio_get
 .text.gpio_mode_setup
                0x0000000008000d6c       0x3c ../libopencm3/lib/libopencm3_stm32l0.a(gpio_common_f0234.o)
                0x0000000008000d6c                gpio_mode_setup
 .text.gpio_set_output_options
                0x0000000008000da8       0x36 ../libopencm3/lib/libopencm3_stm32l0.a(gpio_common_f0234.o)
                0x0000000008000da8                gpio_set_output_options
 .text.gpio_set_af
                0x0000000008000dde       0x4e ../libopencm3/lib/libopencm3_stm32l0.a(gpio_common_f0234.o)
                0x0000000008000dde                gpio_set_af
 .text.rcc_peripheral_enable_clock
                0x0000000008000e2c        0x8 ../libopencm3/lib/libopencm3_stm32l0.a(rcc_common_all.o)
                0x0000000008000e2c                rcc_peripheral_enable_clock
 .text.rcc_periph_clock_enable
                0x0000000008000e34       0x20 ../libopencm3/lib/libopencm3_stm32l0.a(rcc_common_all.o)
                0x0000000008000e34                rcc_periph_clock_enable
 .text.rcc_periph_reset_pulse
                0x0000000008000e54       0x24 ../libopencm3/lib/libopencm3_stm32l0.a(rcc_common_all.o)
                0x0000000008000e54                rcc_periph_reset_pulse
 .text.adc_eoc  0x0000000008000e78        0x8 ../libopencm3/lib/libopencm3_stm32l0.a(adc_common_v2.o)
                0x0000000008000e78                adc_eoc
 .text.adc_power_on_async
                0x0000000008000e80        0xa ../libopencm3/lib/libopencm3_stm32l0.a(adc_common_v2.o)
                0x0000000008000e80                adc_power_on_async
 .text.adc_power_on
                0x0000000008000e8a       0x10 ../libopencm3/lib/libopencm3_stm32l0.a(adc_common_v2.o)
                0x0000000008000e8a                adc_power_on
 .text.adc_is_power_off
                0x0000000008000e9a        0x8 ../libopencm3/lib/libopencm3_stm32l0.a(adc_common_v2.o)
                0x0000000008000e9a                adc_is_power_off
 .text.adc_power_off_async
                0x0000000008000ea2       0x32 ../libopencm3/lib/libopencm3_stm32l0.a(adc_common_v2.o)
                0x0000000008000ea2                adc_power_off_async
 .text.adc_power_off
                0x0000000008000ed4       0x14 ../libopencm3/lib/libopencm3_stm32l0.a(adc_common_v2.o)
                0x0000000008000ed4                adc_power_off
 .text.adc_is_calibrating
                0x0000000008000ee8        0x6 ../libopencm3/lib/libopencm3_stm32l0.a(adc_common_v2.o)
                0x0000000008000ee8                adc_is_calibrating
 .text.adc_calibrate
                0x0000000008000eee       0x16 ../libopencm3/lib/libopencm3_stm32l0.a(adc_common_v2.o)
                0x0000000008000eee                adc_calibrate
 .text.adc_set_single_conversion_mode
                0x0000000008000f04       0x10 ../libopencm3/lib/libopencm3_stm32l0.a(adc_common_v2.o)
                0x0000000008000f04                adc_set_single_conversion_mode
 .text.adc_set_resolution
                0x0000000008000f14        0xc ../libopencm3/lib/libopencm3_stm32l0.a(adc_common_v2.o)
                0x0000000008000f14                adc_set_resolution
 .text.adc_set_right_aligned
                0x0000000008000f20        0xa ../libopencm3/lib/libopencm3_stm32l0.a(adc_common_v2.o)
                0x0000000008000f20                adc_set_right_aligned
 .text.adc_read_regular
                0x0000000008000f2a        0x4 ../libopencm3/lib/libopencm3_stm32l0.a(adc_common_v2.o)
                0x0000000008000f2a                adc_read_regular
 .text.adc_start_conversion_regular
                0x0000000008000f2e       0x14 ../libopencm3/lib/libopencm3_stm32l0.a(adc_common_v2.o)
                0x0000000008000f2e                adc_start_conversion_regular
 *fill*         0x0000000008000f42        0x2 
 .text.exti_set_trigger
                0x0000000008000f44       0x40 ../libopencm3/lib/libopencm3_stm32l0.a(exti_common_all.o)
                0x0000000008000f44                exti_set_trigger
 .text.exti_enable_request
                0x0000000008000f84       0x1c ../libopencm3/lib/libopencm3_stm32l0.a(exti_common_all.o)
                0x0000000008000f84                exti_enable_request
 .text.exti_disable_request
                0x0000000008000fa0       0x1c ../libopencm3/lib/libopencm3_stm32l0.a(exti_common_all.o)
                0x0000000008000fa0                exti_disable_request
 .text.exti_reset_request
                0x0000000008000fbc        0xc ../libopencm3/lib/libopencm3_stm32l0.a(exti_common_all.o)
                0x0000000008000fbc                exti_reset_request
 .text.exti_select_source
                0x0000000008000fc8       0x6c ../libopencm3/lib/libopencm3_stm32l0.a(exti_common_all.o)
                0x0000000008000fc8                exti_select_source
 .text.blocking_handler
                0x0000000008001034        0x2 ../libopencm3/lib/libopencm3_stm32l0.a(vector.o)
                0x0000000008001034                rtc_isr
                0x0000000008001034                blocking_handler
                0x0000000008001034                tsc_isr
                0x0000000008001034                spi1_isr
                0x0000000008001034                i2c1_isr
                0x0000000008001034                i2c2_isr
                0x0000000008001034                usart1_isr
                0x0000000008001034                reserved4_isr
                0x0000000008001034                exti2_3_isr
                0x0000000008001034                reserved5_isr
                0x0000000008001034                lptim1_isr
                0x0000000008001034                pvd_isr
                0x0000000008001034                lpuart1_isr
                0x0000000008001034                rcc_isr
                0x0000000008001034                reserved3_isr
                0x0000000008001034                flash_isr
                0x0000000008001034                hard_fault_handler
                0x0000000008001034                spi2_isr
                0x0000000008001034                usb_isr
                0x0000000008001034                usart2_isr
                0x0000000008001034                adc_comp_isr
                0x0000000008001034                reserved2_isr
                0x0000000008001034                reserved1_isr
                0x0000000008001034                dma1_channel1_isr
                0x0000000008001034                tim6_dac_isr
                0x0000000008001034                lcd_isr
                0x0000000008001034                dma1_channel2_3_isr
                0x0000000008001034                tim22_isr
                0x0000000008001034                exti4_15_isr
                0x0000000008001034                wwdg_isr
                0x0000000008001034                tim2_isr
                0x0000000008001034                dma1_channel4_5_isr
 .text.null_handler
                0x0000000008001036        0x2 ../libopencm3/lib/libopencm3_stm32l0.a(vector.o)
                0x0000000008001036                null_handler
                0x0000000008001036                sv_call_handler
                0x0000000008001036                pend_sv_handler
                0x0000000008001036                nmi_handler
 .text.reset_handler
                0x0000000008001038       0x8c ../libopencm3/lib/libopencm3_stm32l0.a(vector.o)
                0x0000000008001038                reset_handler
 .text.systick_set_clocksource
                0x00000000080010c4       0x14 ../libopencm3/lib/libopencm3_stm32l0.a(systick.o)
                0x00000000080010c4                systick_set_clocksource
 .text.systick_interrupt_enable
                0x00000000080010d8       0x10 ../libopencm3/lib/libopencm3_stm32l0.a(systick.o)
                0x00000000080010d8                systick_interrupt_enable
 .text.systick_counter_enable
                0x00000000080010e8       0x10 ../libopencm3/lib/libopencm3_stm32l0.a(systick.o)
                0x00000000080010e8                systick_counter_enable
 .text.nvic_enable_irq
                0x00000000080010f8       0x18 ../libopencm3/lib/libopencm3_stm32l0.a(nvic.o)
                0x00000000080010f8                nvic_enable_irq
 .text.nvic_set_priority
                0x0000000008001110       0x1c ../libopencm3/lib/libopencm3_stm32l0.a(nvic.o)
                0x0000000008001110                nvic_set_priority
 .text          0x000000000800112c       0x14 /usr/lib/gcc/arm-none-eabi/4.9.3/armv6-m/libgcc.a(_thumb1_case_sqi.o)
                0x000000000800112c                __gnu_thumb1_case_sqi
 .text          0x0000000008001140       0x14 /usr/lib/gcc/arm-none-eabi/4.9.3/armv6-m/libgcc.a(_thumb1_case_uqi.o)
                0x0000000008001140                __gnu_thumb1_case_uqi
 .text          0x0000000008001154      0x1e0 /usr/lib/gcc/arm-none-eabi/4.9.3/armv6-m/libgcc.a(_divsi3.o)
                0x0000000008001154                __aeabi_idiv
                0x0000000008001154                __divsi3
                0x0000000008001320                __aeabi_idivmod
 .text          0x0000000008001334        0x4 /usr/lib/gcc/arm-none-eabi/4.9.3/armv6-m/libgcc.a(_dvmd_tls.o)
                0x0000000008001334                __aeabi_ldiv0
                0x0000000008001334                __aeabi_idiv0
                0x0000000008001338                . = ALIGN (0x4)
 *(.rodata*)
 .rodata.gamma_lookup
                0x0000000008001338      0x800 HAL.o
                0x0000000008001b38                . = ALIGN (0x4)

.glue_7         0x0000000008001b38        0x0
 .glue_7        0x0000000008001b38        0x0 linker stubs

.glue_7t        0x0000000008001b38        0x0
 .glue_7t       0x0000000008001b38        0x0 linker stubs

.vfp11_veneer   0x0000000008001b38        0x0
 .vfp11_veneer  0x0000000008001b38        0x0 linker stubs

.v4_bx          0x0000000008001b38        0x0
 .v4_bx         0x0000000008001b38        0x0 linker stubs

.iplt           0x0000000008001b38        0x0
 .iplt          0x0000000008001b38        0x0 HAL.o

.rel.dyn        0x0000000008001b38        0x0
 .rel.iplt      0x0000000008001b38        0x0 HAL.o

.preinit_array  0x0000000008001b38        0x0
                0x0000000008001b38                . = ALIGN (0x4)
                0x0000000008001b38                __preinit_array_start = .
 *(.preinit_array)
                0x0000000008001b38                __preinit_array_end = .

.init_array     0x0000000008001b38        0x0
                0x0000000008001b38                . = ALIGN (0x4)
                0x0000000008001b38                __init_array_start = .
 *(SORT(.init_array.*))
 *(.init_array)
                0x0000000008001b38                __init_array_end = .

.fini_array     0x0000000008001b38        0x0
                0x0000000008001b38                . = ALIGN (0x4)
                0x0000000008001b38                __fini_array_start = .
 *(.fini_array)
 *(SORT(.fini_array.*))
                0x0000000008001b38                __fini_array_end = .

.ARM.extab
 *(.ARM.extab*)

.ARM.exidx      0x0000000008001b38        0x0
                0x0000000008001b38                __exidx_start = .
 *(.ARM.exidx*)
                0x0000000008001b38                __exidx_end = .
                0x0000000008001b38                . = ALIGN (0x4)
                0x0000000008001b38                _etext = .

.data           0x0000000020000000       0x8c load address 0x0000000008001b38
                0x0000000020000000                _data = .
 *(.data*)
 .data.active_input_ports
                0x0000000020000000       0x2c comm.o
                0x0000000020000000                active_input_ports
 .data.active_output_pins
                0x000000002000002c       0x16 comm.o
                0x000000002000002c                active_output_pins
 *fill*         0x0000000020000042        0x2 
 .data.nid_keep_alive
                0x0000000020000044        0x4 comm.o
                0x0000000020000044                nid_keep_alive
 .data.complimentary_pins
                0x0000000020000048       0x16 comm.o
                0x0000000020000048                complimentary_pins
 *fill*         0x000000002000005e        0x2 
 .data.active_output_ports
                0x0000000020000060       0x2c comm.o
                0x0000000020000060                active_output_ports
                0x000000002000008c                . = ALIGN (0x4)
                0x000000002000008c                _edata = .
                0x0000000008001b38                _data_loadaddr = LOADADDR (.data)

.igot.plt       0x000000002000008c        0x0 load address 0x0000000008001bc4
 .igot.plt      0x000000002000008c        0x0 HAL.o

.bss            0x000000002000008c       0xd8 load address 0x0000000008001bc4
 *(.bss*)
 .bss.tick      0x000000002000008c        0x1 HAL.o
                0x000000002000008c                tick
 .bss.main_tick
                0x000000002000008d        0x1 HAL.o
                0x000000002000008d                main_tick
 .bss.dendrite_pulse_flag
                0x000000002000008e        0xb comm.o
                0x000000002000008e                dendrite_pulse_flag
 *fill*         0x0000000020000099        0x3 
 .bss.nid_port_out
                0x000000002000009c        0x4 comm.o
                0x000000002000009c                nid_port_out
 .bss.identify_channel
                0x00000000200000a0        0x1 comm.o
                0x00000000200000a0                identify_channel
 .bss.dendrite_ping_flag
                0x00000000200000a1        0xb comm.o
                0x00000000200000a1                dendrite_ping_flag
 .bss.message_buffer_count
                0x00000000200000ac        0xb comm.o
                0x00000000200000ac                message_buffer_count
 .bss.blink_flag
                0x00000000200000b7        0x1 comm.o
                0x00000000200000b7                blink_flag
 .bss.nid_port  0x00000000200000b8        0x4 comm.o
                0x00000000200000b8                nid_port
 .bss.write_buffer
                0x00000000200000bc       0x4c comm.o
                0x00000000200000bc                write_buffer
 .bss.identify_time
                0x0000000020000108        0x2 comm.o
                0x0000000020000108                identify_time
 .bss.nid_pin_out
                0x000000002000010a        0x2 comm.o
                0x000000002000010a                nid_pin_out
 .bss.nid_ping_time
                0x000000002000010c        0x4 comm.o
                0x000000002000010c                nid_ping_time
 .bss.message_buffer
                0x0000000020000110       0x2c comm.o
                0x0000000020000110                message_buffer
 .bss.downstream_port
                0x000000002000013c        0x3 comm.o
                0x000000002000013c                downstream_port
 *fill*         0x000000002000013f        0x1 
 .bss.nid_pin   0x0000000020000140        0x2 comm.o
                0x0000000020000140                nid_pin
 .bss.downstream_port_i
                0x0000000020000142        0x1 comm.o
                0x0000000020000142                downstream_port_i
 *fill*         0x0000000020000143        0x1 
 .bss.active_input_pins
                0x0000000020000144       0x16 comm.o
                0x0000000020000144                active_input_pins
 *fill*         0x000000002000015a        0x2 
 .bss.output    0x000000002000015c        0x4 main.o
                0x000000002000015c                output
 .bss.temp      0x0000000020000160        0x4 main.o
                0x0000000020000160                temp
 *(COMMON)
                0x0000000020000164                . = ALIGN (0x4)
                0x0000000020000164                _ebss = .

/DISCARD/
 *(.eh_frame)
                0x0000000020000164                . = ALIGN (0x4)
                0x0000000020000164                end = .
                0x0000000020000800                PROVIDE (_stack, (ORIGIN (ram) + LENGTH (ram)))
OUTPUT(main.elf elf32-littlearm)

.debug_info     0x0000000000000000     0x4abb
 .debug_info    0x0000000000000000      0xe7d HAL.o
 .debug_info    0x0000000000000e7d      0x727 comm.o
 .debug_info    0x00000000000015a4      0x51e main.o
 .debug_info    0x0000000000001ac2      0x3d4 ../libopencm3/lib/libopencm3_stm32l0.a(rcc.o)
 .debug_info    0x0000000000001e96     0x116a ../libopencm3/lib/libopencm3_stm32l0.a(timer_common_all.o)
 .debug_info    0x0000000000003000      0x22c ../libopencm3/lib/libopencm3_stm32l0.a(gpio_common_all.o)
 .debug_info    0x000000000000322c      0x1f3 ../libopencm3/lib/libopencm3_stm32l0.a(gpio_common_f0234.o)
 .debug_info    0x000000000000341f      0x575 ../libopencm3/lib/libopencm3_stm32l0.a(rcc_common_all.o)
 .debug_info    0x0000000000003994      0x5d7 ../libopencm3/lib/libopencm3_stm32l0.a(adc_common_v2.o)
 .debug_info    0x0000000000003f6b      0x204 ../libopencm3/lib/libopencm3_stm32l0.a(exti_common_all.o)
 .debug_info    0x000000000000416f      0x2a3 ../libopencm3/lib/libopencm3_stm32l0.a(vector.o)
 .debug_info    0x0000000000004412      0x215 ../libopencm3/lib/libopencm3_stm32l0.a(systick.o)
 .debug_info    0x0000000000004627      0x1b0 ../libopencm3/lib/libopencm3_stm32l0.a(nvic.o)
 .debug_info    0x00000000000047d7       0xb9 /usr/lib/gcc/arm-none-eabi/4.9.3/armv6-m/libgcc.a(_thumb1_case_sqi.o)
 .debug_info    0x0000000000004890       0xb9 /usr/lib/gcc/arm-none-eabi/4.9.3/armv6-m/libgcc.a(_thumb1_case_uqi.o)
 .debug_info    0x0000000000004949       0xb9 /usr/lib/gcc/arm-none-eabi/4.9.3/armv6-m/libgcc.a(_divsi3.o)
 .debug_info    0x0000000000004a02       0xb9 /usr/lib/gcc/arm-none-eabi/4.9.3/armv6-m/libgcc.a(_dvmd_tls.o)

.debug_abbrev   0x0000000000000000     0x1192
 .debug_abbrev  0x0000000000000000      0x203 HAL.o
 .debug_abbrev  0x0000000000000203      0x239 comm.o
 .debug_abbrev  0x000000000000043c      0x19c main.o
 .debug_abbrev  0x00000000000005d8      0x18d ../libopencm3/lib/libopencm3_stm32l0.a(rcc.o)
 .debug_abbrev  0x0000000000000765      0x168 ../libopencm3/lib/libopencm3_stm32l0.a(timer_common_all.o)
 .debug_abbrev  0x00000000000008cd      0x10e ../libopencm3/lib/libopencm3_stm32l0.a(gpio_common_all.o)
 .debug_abbrev  0x00000000000009db       0xb7 ../libopencm3/lib/libopencm3_stm32l0.a(gpio_common_f0234.o)
 .debug_abbrev  0x0000000000000a92       0xd0 ../libopencm3/lib/libopencm3_stm32l0.a(rcc_common_all.o)
 .debug_abbrev  0x0000000000000b62      0x1f1 ../libopencm3/lib/libopencm3_stm32l0.a(adc_common_v2.o)
 .debug_abbrev  0x0000000000000d53       0xe5 ../libopencm3/lib/libopencm3_stm32l0.a(exti_common_all.o)
 .debug_abbrev  0x0000000000000e38      0x12b ../libopencm3/lib/libopencm3_stm32l0.a(vector.o)
 .debug_abbrev  0x0000000000000f63      0x139 ../libopencm3/lib/libopencm3_stm32l0.a(systick.o)
 .debug_abbrev  0x000000000000109c       0xa6 ../libopencm3/lib/libopencm3_stm32l0.a(nvic.o)
 .debug_abbrev  0x0000000000001142       0x14 /usr/lib/gcc/arm-none-eabi/4.9.3/armv6-m/libgcc.a(_thumb1_case_sqi.o)
 .debug_abbrev  0x0000000000001156       0x14 /usr/lib/gcc/arm-none-eabi/4.9.3/armv6-m/libgcc.a(_thumb1_case_uqi.o)
 .debug_abbrev  0x000000000000116a       0x14 /usr/lib/gcc/arm-none-eabi/4.9.3/armv6-m/libgcc.a(_divsi3.o)
 .debug_abbrev  0x000000000000117e       0x14 /usr/lib/gcc/arm-none-eabi/4.9.3/armv6-m/libgcc.a(_dvmd_tls.o)

.debug_loc      0x0000000000000000     0x2023
 .debug_loc     0x0000000000000000      0x251 HAL.o
 .debug_loc     0x0000000000000251      0x372 comm.o
 .debug_loc     0x00000000000005c3      0x2b4 main.o
 .debug_loc     0x0000000000000877      0x278 ../libopencm3/lib/libopencm3_stm32l0.a(rcc.o)
 .debug_loc     0x0000000000000aef      0xc30 ../libopencm3/lib/libopencm3_stm32l0.a(timer_common_all.o)
 .debug_loc     0x000000000000171f       0x76 ../libopencm3/lib/libopencm3_stm32l0.a(gpio_common_all.o)
 .debug_loc     0x0000000000001795      0x17f ../libopencm3/lib/libopencm3_stm32l0.a(gpio_common_f0234.o)
 .debug_loc     0x0000000000001914      0x108 ../libopencm3/lib/libopencm3_stm32l0.a(rcc_common_all.o)
 .debug_loc     0x0000000000001a1c      0x214 ../libopencm3/lib/libopencm3_stm32l0.a(adc_common_v2.o)
 .debug_loc     0x0000000000001c30      0x174 ../libopencm3/lib/libopencm3_stm32l0.a(exti_common_all.o)
 .debug_loc     0x0000000000001da4       0xba ../libopencm3/lib/libopencm3_stm32l0.a(vector.o)
 .debug_loc     0x0000000000001e5e       0xc5 ../libopencm3/lib/libopencm3_stm32l0.a(systick.o)
 .debug_loc     0x0000000000001f23      0x100 ../libopencm3/lib/libopencm3_stm32l0.a(nvic.o)

.debug_aranges  0x0000000000000000      0x7d8
 .debug_aranges
                0x0000000000000000       0x90 HAL.o
 .debug_aranges
                0x0000000000000090       0x50 comm.o
 .debug_aranges
                0x00000000000000e0       0x28 main.o
 .debug_aranges
                0x0000000000000108       0xa8 ../libopencm3/lib/libopencm3_stm32l0.a(rcc.o)
 .debug_aranges
                0x00000000000001b0      0x278 ../libopencm3/lib/libopencm3_stm32l0.a(timer_common_all.o)
 .debug_aranges
                0x0000000000000428       0x50 ../libopencm3/lib/libopencm3_stm32l0.a(gpio_common_all.o)
 .debug_aranges
                0x0000000000000478       0x30 ../libopencm3/lib/libopencm3_stm32l0.a(gpio_common_f0234.o)
 .debug_aranges
                0x00000000000004a8       0x68 ../libopencm3/lib/libopencm3_stm32l0.a(rcc_common_all.o)
 .debug_aranges
                0x0000000000000510      0x108 ../libopencm3/lib/libopencm3_stm32l0.a(adc_common_v2.o)
 .debug_aranges
                0x0000000000000618       0x48 ../libopencm3/lib/libopencm3_stm32l0.a(exti_common_all.o)
 .debug_aranges
                0x0000000000000660       0x30 ../libopencm3/lib/libopencm3_stm32l0.a(vector.o)
 .debug_aranges
                0x0000000000000690       0x78 ../libopencm3/lib/libopencm3_stm32l0.a(systick.o)
 .debug_aranges
                0x0000000000000708       0x50 ../libopencm3/lib/libopencm3_stm32l0.a(nvic.o)
 .debug_aranges
                0x0000000000000758       0x20 /usr/lib/gcc/arm-none-eabi/4.9.3/armv6-m/libgcc.a(_thumb1_case_sqi.o)
 .debug_aranges
                0x0000000000000778       0x20 /usr/lib/gcc/arm-none-eabi/4.9.3/armv6-m/libgcc.a(_thumb1_case_uqi.o)
 .debug_aranges
                0x0000000000000798       0x20 /usr/lib/gcc/arm-none-eabi/4.9.3/armv6-m/libgcc.a(_divsi3.o)
 .debug_aranges
                0x00000000000007b8       0x20 /usr/lib/gcc/arm-none-eabi/4.9.3/armv6-m/libgcc.a(_dvmd_tls.o)

.debug_ranges   0x0000000000000000      0x6b8
 .debug_ranges  0x0000000000000000       0x80 HAL.o
 .debug_ranges  0x0000000000000080       0x40 comm.o
 .debug_ranges  0x00000000000000c0       0x18 main.o
 .debug_ranges  0x00000000000000d8       0x98 ../libopencm3/lib/libopencm3_stm32l0.a(rcc.o)
 .debug_ranges  0x0000000000000170      0x268 ../libopencm3/lib/libopencm3_stm32l0.a(timer_common_all.o)
 .debug_ranges  0x00000000000003d8       0x40 ../libopencm3/lib/libopencm3_stm32l0.a(gpio_common_all.o)
 .debug_ranges  0x0000000000000418       0x20 ../libopencm3/lib/libopencm3_stm32l0.a(gpio_common_f0234.o)
 .debug_ranges  0x0000000000000438       0x58 ../libopencm3/lib/libopencm3_stm32l0.a(rcc_common_all.o)
 .debug_ranges  0x0000000000000490      0x110 ../libopencm3/lib/libopencm3_stm32l0.a(adc_common_v2.o)
 .debug_ranges  0x00000000000005a0       0x38 ../libopencm3/lib/libopencm3_stm32l0.a(exti_common_all.o)
 .debug_ranges  0x00000000000005d8       0x20 ../libopencm3/lib/libopencm3_stm32l0.a(vector.o)
 .debug_ranges  0x00000000000005f8       0x80 ../libopencm3/lib/libopencm3_stm32l0.a(systick.o)
 .debug_ranges  0x0000000000000678       0x40 ../libopencm3/lib/libopencm3_stm32l0.a(nvic.o)

.debug_line     0x0000000000000000     0x2ba1
 .debug_line    0x0000000000000000      0x341 HAL.o
 .debug_line    0x0000000000000341      0x237 comm.o
 .debug_line    0x0000000000000578      0x14e main.o
 .debug_line    0x00000000000006c6      0x3a2 ../libopencm3/lib/libopencm3_stm32l0.a(rcc.o)
 .debug_line    0x0000000000000a68      0x8b6 ../libopencm3/lib/libopencm3_stm32l0.a(timer_common_all.o)
 .debug_line    0x000000000000131e      0x2bb ../libopencm3/lib/libopencm3_stm32l0.a(gpio_common_all.o)
 .debug_line    0x00000000000015d9      0x2a8 ../libopencm3/lib/libopencm3_stm32l0.a(gpio_common_f0234.o)
 .debug_line    0x0000000000001881      0x2c7 ../libopencm3/lib/libopencm3_stm32l0.a(rcc_common_all.o)
 .debug_line    0x0000000000001b48      0x48b ../libopencm3/lib/libopencm3_stm32l0.a(adc_common_v2.o)
 .debug_line    0x0000000000001fd3      0x31a ../libopencm3/lib/libopencm3_stm32l0.a(exti_common_all.o)
 .debug_line    0x00000000000022ed      0x292 ../libopencm3/lib/libopencm3_stm32l0.a(vector.o)
 .debug_line    0x000000000000257f      0x24b ../libopencm3/lib/libopencm3_stm32l0.a(systick.o)
 .debug_line    0x00000000000027ca      0x23a ../libopencm3/lib/libopencm3_stm32l0.a(nvic.o)
 .debug_line    0x0000000000002a04       0x66 /usr/lib/gcc/arm-none-eabi/4.9.3/armv6-m/libgcc.a(_thumb1_case_sqi.o)
 .debug_line    0x0000000000002a6a       0x66 /usr/lib/gcc/arm-none-eabi/4.9.3/armv6-m/libgcc.a(_thumb1_case_uqi.o)
 .debug_line    0x0000000000002ad0       0x73 /usr/lib/gcc/arm-none-eabi/4.9.3/armv6-m/libgcc.a(_divsi3.o)
 .debug_line    0x0000000000002b43       0x5e /usr/lib/gcc/arm-none-eabi/4.9.3/armv6-m/libgcc.a(_dvmd_tls.o)

.debug_str      0x0000000000000000    0x11ea1
 .debug_str     0x0000000000000000      0x8a2 HAL.o
                                        0x955 (size before relaxing)
 .debug_str     0x00000000000008a2      0x36c comm.o
                                        0x559 (size before relaxing)
 .debug_str     0x0000000000000c0e       0xb2 main.o
                                        0x370 (size before relaxing)
 .debug_str     0x0000000000000cc0     0x633c ../libopencm3/lib/libopencm3_stm32l0.a(rcc.o)
                                       0x651b (size before relaxing)
 .debug_str     0x0000000000006ffc     0x616b ../libopencm3/lib/libopencm3_stm32l0.a(timer_common_all.o)
                                       0xc596 (size before relaxing)
 .debug_str     0x000000000000d167     0x14ec ../libopencm3/lib/libopencm3_stm32l0.a(gpio_common_all.o)
                                       0x51fe (size before relaxing)
 .debug_str     0x000000000000e653       0x61 ../libopencm3/lib/libopencm3_stm32l0.a(gpio_common_f0234.o)
                                       0x5220 (size before relaxing)
 .debug_str     0x000000000000e6b4      0x11f ../libopencm3/lib/libopencm3_stm32l0.a(rcc_common_all.o)
                                       0x683e (size before relaxing)
 .debug_str     0x000000000000e7d3      0xbaa ../libopencm3/lib/libopencm3_stm32l0.a(adc_common_v2.o)
                                       0x494d (size before relaxing)
 .debug_str     0x000000000000f37d      0xba3 ../libopencm3/lib/libopencm3_stm32l0.a(exti_common_all.o)
                                       0x5dc1 (size before relaxing)
 .debug_str     0x000000000000ff20     0x12ef ../libopencm3/lib/libopencm3_stm32l0.a(vector.o)
                                       0x4746 (size before relaxing)
 .debug_str     0x000000000001120f      0x2f9 ../libopencm3/lib/libopencm3_stm32l0.a(systick.o)
                                       0x37b3 (size before relaxing)
 .debug_str     0x0000000000011508      0x999 ../libopencm3/lib/libopencm3_stm32l0.a(nvic.o)
                                       0x4253 (size before relaxing)

.comment        0x0000000000000000       0x38
 .comment       0x0000000000000000       0x38 HAL.o
                                         0x39 (size before relaxing)
 .comment       0x0000000000000038       0x39 comm.o
 .comment       0x0000000000000038       0x39 main.o
 .comment       0x0000000000000038       0x39 ../libopencm3/lib/libopencm3_stm32l0.a(rcc.o)
 .comment       0x0000000000000038       0x39 ../libopencm3/lib/libopencm3_stm32l0.a(timer_common_all.o)
 .comment       0x0000000000000038       0x39 ../libopencm3/lib/libopencm3_stm32l0.a(gpio_common_all.o)
 .comment       0x0000000000000038       0x39 ../libopencm3/lib/libopencm3_stm32l0.a(gpio_common_f0234.o)
 .comment       0x0000000000000038       0x39 ../libopencm3/lib/libopencm3_stm32l0.a(rcc_common_all.o)
 .comment       0x0000000000000038       0x39 ../libopencm3/lib/libopencm3_stm32l0.a(adc_common_v2.o)
 .comment       0x0000000000000038       0x39 ../libopencm3/lib/libopencm3_stm32l0.a(exti_common_all.o)
 .comment       0x0000000000000038       0x39 ../libopencm3/lib/libopencm3_stm32l0.a(vector.o)
 .comment       0x0000000000000038       0x39 ../libopencm3/lib/libopencm3_stm32l0.a(systick.o)
 .comment       0x0000000000000038       0x39 ../libopencm3/lib/libopencm3_stm32l0.a(nvic.o)

.ARM.attributes
                0x0000000000000000       0x32
 .ARM.attributes
                0x0000000000000000       0x32 HAL.o
 .ARM.attributes
                0x0000000000000032       0x32 comm.o
 .ARM.attributes
                0x0000000000000064       0x32 main.o
 .ARM.attributes
                0x0000000000000096       0x32 ../libopencm3/lib/libopencm3_stm32l0.a(rcc.o)
 .ARM.attributes
                0x00000000000000c8       0x32 ../libopencm3/lib/libopencm3_stm32l0.a(timer_common_all.o)
 .ARM.attributes
                0x00000000000000fa       0x32 ../libopencm3/lib/libopencm3_stm32l0.a(gpio_common_all.o)
 .ARM.attributes
                0x000000000000012c       0x32 ../libopencm3/lib/libopencm3_stm32l0.a(gpio_common_f0234.o)
 .ARM.attributes
                0x000000000000015e       0x32 ../libopencm3/lib/libopencm3_stm32l0.a(rcc_common_all.o)
 .ARM.attributes
                0x0000000000000190       0x32 ../libopencm3/lib/libopencm3_stm32l0.a(adc_common_v2.o)
 .ARM.attributes
                0x00000000000001c2       0x32 ../libopencm3/lib/libopencm3_stm32l0.a(exti_common_all.o)
 .ARM.attributes
                0x00000000000001f4       0x32 ../libopencm3/lib/libopencm3_stm32l0.a(vector.o)
 .ARM.attributes
                0x0000000000000226       0x32 ../libopencm3/lib/libopencm3_stm32l0.a(systick.o)
 .ARM.attributes
                0x0000000000000258       0x32 ../libopencm3/lib/libopencm3_stm32l0.a(nvic.o)
 .ARM.attributes
                0x000000000000028a       0x1e /usr/lib/gcc/arm-none-eabi/4.9.3/armv6-m/libgcc.a(_thumb1_case_sqi.o)
 .ARM.attributes
                0x00000000000002a8       0x1e /usr/lib/gcc/arm-none-eabi/4.9.3/armv6-m/libgcc.a(_thumb1_case_uqi.o)
 .ARM.attributes
                0x00000000000002c6       0x1e /usr/lib/gcc/arm-none-eabi/4.9.3/armv6-m/libgcc.a(_divsi3.o)
 .ARM.attributes
                0x00000000000002e4       0x1e /usr/lib/gcc/arm-none-eabi/4.9.3/armv6-m/libgcc.a(_dvmd_tls.o)

.debug_frame    0x0000000000000000      0xf40
 .debug_frame   0x0000000000000000      0x15c HAL.o
 .debug_frame   0x000000000000015c       0xc4 comm.o
 .debug_frame   0x0000000000000220       0x48 main.o
 .debug_frame   0x0000000000000268      0x178 ../libopencm3/lib/libopencm3_stm32l0.a(rcc.o)
 .debug_frame   0x00000000000003e0      0x568 ../libopencm3/lib/libopencm3_stm32l0.a(timer_common_all.o)
 .debug_frame   0x0000000000000948       0x80 ../libopencm3/lib/libopencm3_stm32l0.a(gpio_common_all.o)
 .debug_frame   0x00000000000009c8       0x70 ../libopencm3/lib/libopencm3_stm32l0.a(gpio_common_f0234.o)
 .debug_frame   0x0000000000000a38       0xc0 ../libopencm3/lib/libopencm3_stm32l0.a(rcc_common_all.o)
 .debug_frame   0x0000000000000af8      0x210 ../libopencm3/lib/libopencm3_stm32l0.a(adc_common_v2.o)
 .debug_frame   0x0000000000000d08       0x80 ../libopencm3/lib/libopencm3_stm32l0.a(exti_common_all.o)
 .debug_frame   0x0000000000000d88       0x40 ../libopencm3/lib/libopencm3_stm32l0.a(vector.o)
 .debug_frame   0x0000000000000dc8       0xd8 ../libopencm3/lib/libopencm3_stm32l0.a(systick.o)
 .debug_frame   0x0000000000000ea0       0x80 ../libopencm3/lib/libopencm3_stm32l0.a(nvic.o)
 .debug_frame   0x0000000000000f20       0x20 /usr/lib/gcc/arm-none-eabi/4.9.3/armv6-m/libgcc.a(_divsi3.o)

.debug_macro    0x0000000000000000     0x3fac
 .debug_macro   0x0000000000000000       0xb5 ../libopencm3/lib/libopencm3_stm32l0.a(rcc.o)
 .debug_macro   0x00000000000000b5      0x832 ../libopencm3/lib/libopencm3_stm32l0.a(rcc.o)
 .debug_macro   0x00000000000008e7       0x22 ../libopencm3/lib/libopencm3_stm32l0.a(rcc.o)
 .debug_macro   0x0000000000000909       0x44 ../libopencm3/lib/libopencm3_stm32l0.a(rcc.o)
 .debug_macro   0x000000000000094d       0xe3 ../libopencm3/lib/libopencm3_stm32l0.a(rcc.o)
 .debug_macro   0x0000000000000a30       0x22 ../libopencm3/lib/libopencm3_stm32l0.a(rcc.o)
 .debug_macro   0x0000000000000a52      0x1df ../libopencm3/lib/libopencm3_stm32l0.a(rcc.o)
 .debug_macro   0x0000000000000c31       0x22 ../libopencm3/lib/libopencm3_stm32l0.a(rcc.o)
 .debug_macro   0x0000000000000c53       0xfa ../libopencm3/lib/libopencm3_stm32l0.a(rcc.o)
 .debug_macro   0x0000000000000d4d       0x16 ../libopencm3/lib/libopencm3_stm32l0.a(rcc.o)
 .debug_macro   0x0000000000000d63       0x34 ../libopencm3/lib/libopencm3_stm32l0.a(rcc.o)
 .debug_macro   0x0000000000000d97      0x148 ../libopencm3/lib/libopencm3_stm32l0.a(rcc.o)
 .debug_macro   0x0000000000000edf      0x922 ../libopencm3/lib/libopencm3_stm32l0.a(rcc.o)
 .debug_macro   0x0000000000001801       0xce ../libopencm3/lib/libopencm3_stm32l0.a(timer_common_all.o)
 .debug_macro   0x00000000000018cf      0xf4d ../libopencm3/lib/libopencm3_stm32l0.a(timer_common_all.o)
 .debug_macro   0x000000000000281c      0x37a ../libopencm3/lib/libopencm3_stm32l0.a(timer_common_all.o)
 .debug_macro   0x0000000000002b96       0xc8 ../libopencm3/lib/libopencm3_stm32l0.a(gpio_common_all.o)
 .debug_macro   0x0000000000002c5e       0x76 ../libopencm3/lib/libopencm3_stm32l0.a(gpio_common_all.o)
 .debug_macro   0x0000000000002cd4      0x2e6 ../libopencm3/lib/libopencm3_stm32l0.a(gpio_common_all.o)
 .debug_macro   0x0000000000002fba      0x14e ../libopencm3/lib/libopencm3_stm32l0.a(gpio_common_all.o)
 .debug_macro   0x0000000000003108       0x3a ../libopencm3/lib/libopencm3_stm32l0.a(gpio_common_all.o)
 .debug_macro   0x0000000000003142       0xc8 ../libopencm3/lib/libopencm3_stm32l0.a(gpio_common_f0234.o)
 .debug_macro   0x000000000000320a       0xc0 ../libopencm3/lib/libopencm3_stm32l0.a(rcc_common_all.o)
 .debug_macro   0x00000000000032ca       0xb3 ../libopencm3/lib/libopencm3_stm32l0.a(adc_common_v2.o)
 .debug_macro   0x000000000000337d      0x182 ../libopencm3/lib/libopencm3_stm32l0.a(adc_common_v2.o)
 .debug_macro   0x00000000000034ff       0x34 ../libopencm3/lib/libopencm3_stm32l0.a(adc_common_v2.o)
 .debug_macro   0x0000000000003533       0x46 ../libopencm3/lib/libopencm3_stm32l0.a(adc_common_v2.o)
 .debug_macro   0x0000000000003579       0xec ../libopencm3/lib/libopencm3_stm32l0.a(exti_common_all.o)
 .debug_macro   0x0000000000003665      0x112 ../libopencm3/lib/libopencm3_stm32l0.a(exti_common_all.o)
 .debug_macro   0x0000000000003777      0x136 ../libopencm3/lib/libopencm3_stm32l0.a(exti_common_all.o)
 .debug_macro   0x00000000000038ad       0xc1 ../libopencm3/lib/libopencm3_stm32l0.a(vector.o)
 .debug_macro   0x000000000000396e      0x1b1 ../libopencm3/lib/libopencm3_stm32l0.a(vector.o)
 .debug_macro   0x0000000000003b1f       0x46 ../libopencm3/lib/libopencm3_stm32l0.a(vector.o)
 .debug_macro   0x0000000000003b65       0xca ../libopencm3/lib/libopencm3_stm32l0.a(vector.o)
 .debug_macro   0x0000000000003c2f       0x84 ../libopencm3/lib/libopencm3_stm32l0.a(systick.o)
 .debug_macro   0x0000000000003cb3       0x64 ../libopencm3/lib/libopencm3_stm32l0.a(systick.o)
 .debug_macro   0x0000000000003d17       0xa5 ../libopencm3/lib/libopencm3_stm32l0.a(nvic.o)
 .debug_macro   0x0000000000003dbc       0x40 ../libopencm3/lib/libopencm3_stm32l0.a(nvic.o)
 .debug_macro   0x0000000000003dfc      0x1b0 ../libopencm3/lib/libopencm3_stm32l0.a(nvic.o)
